2025-04-04 08:51:46.542  INFO 20352 --- [search-service] [main] c.a.c.n.c.NacosConfigDataLoader          : [Nacos Config] Load config[dataId=shared-seata.yaml, group=DEFAULT_GROUP] success
2025-04-04 08:51:46.546  INFO 20352 --- [search-service] [main] c.a.c.n.c.NacosConfigDataLoader          : [Nacos Config] Load config[dataId=shared-sentinel.yaml, group=DEFAULT_GROUP] success
2025-04-04 08:51:46.546  INFO 20352 --- [search-service] [main] c.a.c.n.c.NacosConfigDataLoader          : [Nacos Config] Load config[dataId=shared-log.yaml, group=DEFAULT_GROUP] success
2025-04-04 08:51:46.546  INFO 20352 --- [search-service] [main] c.a.c.n.c.NacosConfigDataLoader          : [Nacos Config] Load config[dataId=shared-jdbc.yaml, group=DEFAULT_GROUP] success
2025-04-04 08:51:47.908  INFO 20352 --- [search-service] [main] c.c.c.ConfigServicePropertySourceLocator : Fetching config from server at : http://localhost:8888
2025-04-04 08:51:47.944  INFO 20352 --- [search-service] [main] c.c.c.ConfigServicePropertySourceLocator : Exception on Url - http://localhost:8888:org.springframework.web.client.ResourceAccessException: I/O error on GET request for "http://localhost:8888/search-service/dev": Connection refused: getsockopt. Will be trying the next url if available
2025-04-04 08:51:47.944  WARN 20352 --- [search-service] [main] c.c.c.ConfigServicePropertySourceLocator : Could not locate PropertySource: I/O error on GET request for "http://localhost:8888/search-service/dev": Connection refused: getsockopt
2025-04-04 08:51:47.951  INFO 20352 --- [search-service] [main] c.smileShark.search.SearchApplication    : The following 1 profile is active: "dev"
2025-04-04 08:51:47.962  INFO 20352 --- [search-service] [main] c.a.c.n.c.NacosConfigDataLoader          : [Nacos Config] Load config[dataId=shared-seata.yaml, group=DEFAULT_GROUP] success
2025-04-04 08:51:47.962  INFO 20352 --- [search-service] [main] c.a.c.n.c.NacosConfigDataLoader          : [Nacos Config] Load config[dataId=shared-sentinel.yaml, group=DEFAULT_GROUP] success
2025-04-04 08:51:47.962  INFO 20352 --- [search-service] [main] c.a.c.n.c.NacosConfigDataLoader          : [Nacos Config] Load config[dataId=shared-log.yaml, group=DEFAULT_GROUP] success
2025-04-04 08:51:47.962  INFO 20352 --- [search-service] [main] c.a.c.n.c.NacosConfigDataLoader          : [Nacos Config] Load config[dataId=shared-jdbc.yaml, group=DEFAULT_GROUP] success
2025-04-04 08:51:48.459  INFO 20352 --- [search-service] [main] o.s.cloud.context.scope.GenericScope     : BeanFactory id=9ad8f15b-a52c-34a2-b91f-184a53e2f041
2025-04-04 08:51:48.478  WARN 20352 --- [search-service] [main] trationDelegate$BeanPostProcessorChecker : Bean 'com.alibaba.cloud.nacos.NacosConfigAutoConfiguration' of type [com.alibaba.cloud.nacos.NacosConfigAutoConfiguration] is not eligible for getting processed by all BeanPostProcessors (for example: not eligible for auto-proxying). The currently created BeanPostProcessor [nacosAnnotationProcessor] is declared through a non-static factory method on that class; consider declaring it as static instead.
2025-04-04 08:51:48.481  WARN 20352 --- [search-service] [main] trationDelegate$BeanPostProcessorChecker : Bean 'org.apache.seata.spring.boot.autoconfigure.SeataCoreAutoConfiguration' of type [org.apache.seata.spring.boot.autoconfigure.SeataCoreAutoConfiguration] is not eligible for getting processed by all BeanPostProcessors (for example: not eligible for auto-proxying). Is this bean getting eagerly injected/applied to a currently created BeanPostProcessor []? Check the corresponding BeanPostProcessor declaration and its dependencies/advisors. If this bean does not have to be post-processed, declare it with ROLE_INFRASTRUCTURE.
2025-04-04 08:51:48.483  WARN 20352 --- [search-service] [main] trationDelegate$BeanPostProcessorChecker : Bean 'springApplicationContextProvider' of type [org.apache.seata.spring.boot.autoconfigure.provider.SpringApplicationContextProvider] is not eligible for getting processed by all BeanPostProcessors (for example: not eligible for auto-proxying). Is this bean getting eagerly injected/applied to a currently created BeanPostProcessor []? Check the corresponding BeanPostProcessor declaration and its dependencies/advisors. If this bean does not have to be post-processed, declare it with ROLE_INFRASTRUCTURE.
2025-04-04 08:51:48.484  WARN 20352 --- [search-service] [main] trationDelegate$BeanPostProcessorChecker : Bean 'org.apache.seata.spring.boot.autoconfigure.SeataAutoConfiguration' of type [org.apache.seata.spring.boot.autoconfigure.SeataAutoConfiguration] is not eligible for getting processed by all BeanPostProcessors (for example: not eligible for auto-proxying). Is this bean getting eagerly injected/applied to a currently created BeanPostProcessor []? Check the corresponding BeanPostProcessor declaration and its dependencies/advisors. If this bean does not have to be post-processed, declare it with ROLE_INFRASTRUCTURE.
2025-04-04 08:51:48.517  WARN 20352 --- [search-service] [main] trationDelegate$BeanPostProcessorChecker : Bean 'failureHandler' of type [org.apache.seata.tm.api.DefaultFailureHandlerImpl] is not eligible for getting processed by all BeanPostProcessors (for example: not eligible for auto-proxying). Is this bean getting eagerly injected/applied to a currently created BeanPostProcessor []? Check the corresponding BeanPostProcessor declaration and its dependencies/advisors. If this bean does not have to be post-processed, declare it with ROLE_INFRASTRUCTURE.
2025-04-04 08:51:48.519  WARN 20352 --- [search-service] [main] trationDelegate$BeanPostProcessorChecker : Bean 'org.springframework.cloud.commons.config.CommonsConfigAutoConfiguration' of type [org.springframework.cloud.commons.config.CommonsConfigAutoConfiguration] is not eligible for getting processed by all BeanPostProcessors (for example: not eligible for auto-proxying). Is this bean getting eagerly injected/applied to a currently created BeanPostProcessor [globalTransactionScanner]? Check the corresponding BeanPostProcessor declaration and its dependencies/advisors. If this bean does not have to be post-processed, declare it with ROLE_INFRASTRUCTURE.
2025-04-04 08:51:48.522  WARN 20352 --- [search-service] [main] trationDelegate$BeanPostProcessorChecker : Bean 'org.springframework.cloud.client.loadbalancer.LoadBalancerDefaultMappingsProviderAutoConfiguration' of type [org.springframework.cloud.client.loadbalancer.LoadBalancerDefaultMappingsProviderAutoConfiguration] is not eligible for getting processed by all BeanPostProcessors (for example: not eligible for auto-proxying). Is this bean getting eagerly injected/applied to a currently created BeanPostProcessor [globalTransactionScanner]? Check the corresponding BeanPostProcessor declaration and its dependencies/advisors. If this bean does not have to be post-processed, declare it with ROLE_INFRASTRUCTURE.
2025-04-04 08:51:48.523  WARN 20352 --- [search-service] [main] trationDelegate$BeanPostProcessorChecker : Bean 'loadBalancerClientsDefaultsMappingsProvider' of type [org.springframework.cloud.client.loadbalancer.LoadBalancerDefaultMappingsProviderAutoConfiguration$$Lambda/0x000002332e686888] is not eligible for getting processed by all BeanPostProcessors (for example: not eligible for auto-proxying). Is this bean getting eagerly injected/applied to a currently created BeanPostProcessor [globalTransactionScanner]? Check the corresponding BeanPostProcessor declaration and its dependencies/advisors. If this bean does not have to be post-processed, declare it with ROLE_INFRASTRUCTURE.
2025-04-04 08:51:48.523  WARN 20352 --- [search-service] [main] trationDelegate$BeanPostProcessorChecker : Bean 'defaultsBindHandlerAdvisor' of type [org.springframework.cloud.commons.config.DefaultsBindHandlerAdvisor] is not eligible for getting processed by all BeanPostProcessors (for example: not eligible for auto-proxying). Is this bean getting eagerly injected/applied to a currently created BeanPostProcessor [globalTransactionScanner]? Check the corresponding BeanPostProcessor declaration and its dependencies/advisors. If this bean does not have to be post-processed, declare it with ROLE_INFRASTRUCTURE.
2025-04-04 08:51:48.525  WARN 20352 --- [search-service] [main] trationDelegate$BeanPostProcessorChecker : Bean 'springCloudAlibabaConfiguration' of type [org.apache.seata.spring.boot.autoconfigure.properties.SpringCloudAlibabaConfiguration] is not eligible for getting processed by all BeanPostProcessors (for example: not eligible for auto-proxying). Is this bean getting eagerly injected/applied to a currently created BeanPostProcessor [globalTransactionScanner]? Check the corresponding BeanPostProcessor declaration and its dependencies/advisors. If this bean does not have to be post-processed, declare it with ROLE_INFRASTRUCTURE.
2025-04-04 08:51:48.527  WARN 20352 --- [search-service] [main] trationDelegate$BeanPostProcessorChecker : Bean 'seataProperties' of type [org.apache.seata.spring.boot.autoconfigure.properties.SeataProperties] is not eligible for getting processed by all BeanPostProcessors (for example: not eligible for auto-proxying). Is this bean getting eagerly injected/applied to a currently created BeanPostProcessor [globalTransactionScanner]? Check the corresponding BeanPostProcessor declaration and its dependencies/advisors. If this bean does not have to be post-processed, declare it with ROLE_INFRASTRUCTURE.
2025-04-04 08:51:48.529  INFO 20352 --- [search-service] [main] o.a.s.s.b.a.SeataAutoConfiguration       : Automatically configure Seata
2025-04-04 08:51:48.538  INFO 20352 --- [search-service] [main] ServiceLoader$InnerEnhancedServiceLoader : Load compatible class io.seata.spring.annotation.ScannerChecker
2025-04-04 08:51:48.565  INFO 20352 --- [search-service] [main] ServiceLoader$InnerEnhancedServiceLoader : Ignore load compatible class io.seata.config.ExtConfigurationProvider, because is not assignable from origin type org.apache.seata.config.ExtConfigurationProvider
2025-04-04 08:51:48.574  INFO 20352 --- [search-service] [main] o.a.seata.config.ConfigurationFactory    : load Configuration from :Spring Configuration
2025-04-04 08:51:48.589  INFO 20352 --- [search-service] [main] ServiceLoader$InnerEnhancedServiceLoader : Load compatible class io.seata.integration.tx.api.remoting.RemotingParser
2025-04-04 08:51:48.589  INFO 20352 --- [search-service] [main] o.a.s.s.a.GlobalTransactionScanner       : Initializing Global Transaction Clients ... 
2025-04-04 08:51:48.636  INFO 20352 --- [search-service] [main] ServiceLoader$InnerEnhancedServiceLoader : Load compatible class io.seata.core.auth.AuthSigner
2025-04-04 08:51:48.644  INFO 20352 --- [search-service] [main] o.a.s.c.rpc.netty.NettyClientBootstrap   : NettyClientBootstrap has started
2025-04-04 08:51:48.647  INFO 20352 --- [search-service] [main] o.a.s.d.registry.RegistryFactory         : use registry center type: nacos
2025-04-04 08:51:48.650  INFO 20352 --- [search-service] [main] ServiceLoader$InnerEnhancedServiceLoader : Load compatible class io.seata.discovery.registry.RegistryProvider
2025-04-04 08:51:48.651  INFO 20352 --- [search-service] [main] o.a.s.d.r.n.NacosRegistryServiceImpl     : Nacos check auth with userName/password.
2025-04-04 08:51:48.652  INFO 20352 --- [search-service] [main] o.a.s.d.r.n.NacosRegistryServiceImpl     : Nacos check auth with userName/password.
2025-04-04 08:51:48.662  INFO 20352 --- [search-service] [main] c.a.n.p.a.s.c.ClientAuthPluginManager    : [ClientAuthPluginManager] Load ClientAuthService com.alibaba.nacos.client.auth.impl.NacosClientAuthServiceImpl success.
2025-04-04 08:51:48.662  INFO 20352 --- [search-service] [main] c.a.n.p.a.s.c.ClientAuthPluginManager    : [ClientAuthPluginManager] Load ClientAuthService com.alibaba.nacos.client.auth.ram.RamClientAuthServiceImpl success.
2025-04-04 08:51:48.779  INFO 20352 --- [search-service] [main] o.a.s.c.r.n.NettyClientChannelManager    : will connect to 192.168.24.196:8091
2025-04-04 08:51:48.782  INFO 20352 --- [search-service] [main] o.a.s.c.rpc.netty.NettyPoolableFactory   : NettyPool create channel to transactionRole:TMROLE,address:192.168.24.196:8091,msg:< RegisterTMRequest{version='2.1.0', applicationId='search-service', transactionServiceGroup='shark-tool', extraData='ak=null
digest=shark-tool,169.254.151.43,1743727908781
timestamp=1743727908781
authVersion=V4
vgroup=shark-tool
ip=169.254.151.43
'} >
2025-04-04 08:51:48.851  INFO 20352 --- [search-service] [NettyClientSelector_TMROLE_1_1] ServiceLoader$InnerEnhancedServiceLoader : Load compatible class io.seata.core.serializer.Serializer
2025-04-04 08:51:53.855  INFO 20352 --- [search-service] [NettyClientSelector_TMROLE_1_1] o.a.s.c.r.n.AbstractNettyRemotingClient  : channel inactive: [id: 0x3524eb1b, L:/198.18.0.1:58654 ! R:/192.168.24.196:8091]
2025-04-04 08:52:18.850 ERROR 20352 --- [search-service] [main] o.a.s.c.rpc.netty.AbstractNettyRemoting  : wait response error:null ,cost: 30012 ms,ip:/192.168.24.196:8091,request:RegisterTMRequest{version='2.1.0', applicationId='search-service', transactionServiceGroup='shark-tool', extraData='ak=null
digest=shark-tool,169.254.151.43,1743727908781
timestamp=1743727908781
authVersion=V4
vgroup=shark-tool
ip=169.254.151.43
'}
2025-04-04 08:52:18.851 ERROR 20352 --- [search-service] [main] o.a.s.c.r.n.NettyClientChannelManager    : 0304 register RM failed.

org.apache.seata.common.exception.FrameworkException: register TMROLE error, errMsg:null ,cost: 30012 ms
	at org.apache.seata.core.rpc.netty.NettyPoolableFactory.makeObject(NettyPoolableFactory.java:78) ~[seata-all-2.1.0.jar:2.1.0]
	at org.apache.seata.core.rpc.netty.NettyPoolableFactory.makeObject(NettyPoolableFactory.java:34) ~[seata-all-2.1.0.jar:2.1.0]
	at org.apache.commons.pool.impl.GenericKeyedObjectPool.borrowObject(GenericKeyedObjectPool.java:1220) ~[commons-pool-1.6.jar:1.6]
	at org.apache.seata.core.rpc.netty.NettyClientChannelManager.doConnect(NettyClientChannelManager.java:288) ~[seata-all-2.1.0.jar:2.1.0]
	at org.apache.seata.core.rpc.netty.NettyClientChannelManager.acquireChannel(NettyClientChannelManager.java:110) ~[seata-all-2.1.0.jar:2.1.0]
	at org.apache.seata.core.rpc.netty.NettyClientChannelManager.doReconnect(NettyClientChannelManager.java:233) ~[seata-all-2.1.0.jar:2.1.0]
	at org.apache.seata.core.rpc.netty.NettyClientChannelManager.doReconnect(NettyClientChannelManager.java:212) ~[seata-all-2.1.0.jar:2.1.0]
	at org.apache.seata.core.rpc.netty.NettyClientChannelManager.initReconnect(NettyClientChannelManager.java:176) ~[seata-all-2.1.0.jar:2.1.0]
	at org.apache.seata.core.rpc.netty.TmNettyRemotingClient.initConnection(TmNettyRemotingClient.java:291) ~[seata-all-2.1.0.jar:2.1.0]
	at org.apache.seata.core.rpc.netty.TmNettyRemotingClient.init(TmNettyRemotingClient.java:191) ~[seata-all-2.1.0.jar:2.1.0]
	at org.apache.seata.tm.TMClient.init(TMClient.java:47) ~[seata-all-2.1.0.jar:2.1.0]
	at org.apache.seata.spring.annotation.GlobalTransactionScanner.initClient(GlobalTransactionScanner.java:232) ~[seata-all-2.1.0.jar:2.1.0]
	at org.apache.seata.spring.annotation.GlobalTransactionScanner.afterPropertiesSet(GlobalTransactionScanner.java:480) ~[seata-all-2.1.0.jar:2.1.0]
	at org.springframework.beans.factory.support.AbstractAutowireCapableBeanFactory.invokeInitMethods(AbstractAutowireCapableBeanFactory.java:1859) ~[spring-beans-6.2.3.jar:6.2.3]
	at org.springframework.beans.factory.support.AbstractAutowireCapableBeanFactory.initializeBean(AbstractAutowireCapableBeanFactory.java:1808) ~[spring-beans-6.2.3.jar:6.2.3]
	at org.springframework.beans.factory.support.AbstractAutowireCapableBeanFactory.doCreateBean(AbstractAutowireCapableBeanFactory.java:601) ~[spring-beans-6.2.3.jar:6.2.3]
	at org.springframework.beans.factory.support.AbstractAutowireCapableBeanFactory.createBean(AbstractAutowireCapableBeanFactory.java:523) ~[spring-beans-6.2.3.jar:6.2.3]
	at org.springframework.beans.factory.support.AbstractBeanFactory.lambda$doGetBean$0(AbstractBeanFactory.java:339) ~[spring-beans-6.2.3.jar:6.2.3]
	at org.springframework.beans.factory.support.DefaultSingletonBeanRegistry.getSingleton(DefaultSingletonBeanRegistry.java:346) ~[spring-beans-6.2.3.jar:6.2.3]
	at org.springframework.beans.factory.support.AbstractBeanFactory.doGetBean(AbstractBeanFactory.java:337) ~[spring-beans-6.2.3.jar:6.2.3]
	at org.springframework.beans.factory.support.AbstractBeanFactory.getBean(AbstractBeanFactory.java:207) ~[spring-beans-6.2.3.jar:6.2.3]
	at org.springframework.context.support.PostProcessorRegistrationDelegate.registerBeanPostProcessors(PostProcessorRegistrationDelegate.java:265) ~[spring-context-6.2.3.jar:6.2.3]
	at org.springframework.context.support.AbstractApplicationContext.registerBeanPostProcessors(AbstractApplicationContext.java:808) ~[spring-context-6.2.3.jar:6.2.3]
	at org.springframework.context.support.AbstractApplicationContext.refresh(AbstractApplicationContext.java:611) ~[spring-context-6.2.3.jar:6.2.3]
	at org.springframework.boot.web.servlet.context.ServletWebServerApplicationContext.refresh(ServletWebServerApplicationContext.java:146) ~[spring-boot-3.4.3.jar:3.4.3]
	at org.springframework.boot.SpringApplication.refresh(SpringApplication.java:752) ~[spring-boot-3.4.3.jar:3.4.3]
	at org.springframework.boot.SpringApplication.refreshContext(SpringApplication.java:439) ~[spring-boot-3.4.3.jar:3.4.3]
	at org.springframework.boot.SpringApplication.run(SpringApplication.java:318) ~[spring-boot-3.4.3.jar:3.4.3]
	at org.springframework.boot.SpringApplication.run(SpringApplication.java:1361) ~[spring-boot-3.4.3.jar:3.4.3]
	at org.springframework.boot.SpringApplication.run(SpringApplication.java:1350) ~[spring-boot-3.4.3.jar:3.4.3]
	at com.smileShark.search.SearchApplication.main(SearchApplication.java:20) ~[classes/:na]

2025-04-04 08:52:18.853  INFO 20352 --- [search-service] [NettyClientSelector_TMROLE_1_1] o.a.s.c.rpc.netty.NettyPoolableFactory   : channel valid false,channel:[id: 0x3524eb1b, L:/198.18.0.1:58654 ! R:/192.168.24.196:8091]
2025-04-04 08:52:18.853 ERROR 20352 --- [search-service] [main] o.a.s.c.r.n.NettyClientChannelManager    : 0101 can not connect to [192.168.24.196:8091] cause:[can not register RM,err:register TMROLE error, errMsg:null ,cost: 30012 ms]
2025-04-04 08:52:18.853  INFO 20352 --- [search-service] [NettyClientSelector_TMROLE_1_1] o.a.s.c.rpc.netty.NettyPoolableFactory   : will destroy channel:[id: 0x3524eb1b, L:/198.18.0.1:58654 ! R:/192.168.24.196:8091]
2025-04-04 08:52:18.853  INFO 20352 --- [search-service] [NettyClientSelector_TMROLE_1_1] o.a.s.c.r.n.AbstractNettyRemotingClient  : ChannelHandlerContext(AbstractNettyRemotingClient$ClientHandler#0, [id: 0x3524eb1b, L:/198.18.0.1:58654 ! R:/192.168.24.196:8091]) will closed
2025-04-04 08:52:18.854  INFO 20352 --- [search-service] [NettyClientSelector_TMROLE_1_1] o.a.s.c.r.n.AbstractNettyRemotingClient  : ChannelHandlerContext(AbstractNettyRemotingClient$ClientHandler#0, [id: 0x3524eb1b, L:/198.18.0.1:58654 ! R:/192.168.24.196:8091]) will closed
2025-04-04 08:52:18.854  WARN 20352 --- [search-service] [main] ConfigServletWebServerApplicationContext : Exception encountered during context initialization - cancelling refresh attempt: org.springframework.beans.factory.BeanCreationException: Error creating bean with name 'globalTransactionScanner' defined in class path resource [org/apache/seata/spring/boot/autoconfigure/SeataAutoConfiguration.class]: can not connect to [192.168.24.196:8091]
2025-04-04 08:52:18.859  INFO 20352 --- [search-service] [main] .s.b.a.l.ConditionEvaluationReportLogger : 

Error starting ApplicationContext. To display the condition evaluation report re-run your application with 'debug' enabled.
2025-04-04 08:52:18.871 ERROR 20352 --- [search-service] [main] o.s.boot.SpringApplication               : Application run failed

org.springframework.beans.factory.BeanCreationException: Error creating bean with name 'globalTransactionScanner' defined in class path resource [org/apache/seata/spring/boot/autoconfigure/SeataAutoConfiguration.class]: can not connect to [192.168.24.196:8091]
	at org.springframework.beans.factory.support.AbstractAutowireCapableBeanFactory.initializeBean(AbstractAutowireCapableBeanFactory.java:1812) ~[spring-beans-6.2.3.jar:6.2.3]
	at org.springframework.beans.factory.support.AbstractAutowireCapableBeanFactory.doCreateBean(AbstractAutowireCapableBeanFactory.java:601) ~[spring-beans-6.2.3.jar:6.2.3]
	at org.springframework.beans.factory.support.AbstractAutowireCapableBeanFactory.createBean(AbstractAutowireCapableBeanFactory.java:523) ~[spring-beans-6.2.3.jar:6.2.3]
	at org.springframework.beans.factory.support.AbstractBeanFactory.lambda$doGetBean$0(AbstractBeanFactory.java:339) ~[spring-beans-6.2.3.jar:6.2.3]
	at org.springframework.beans.factory.support.DefaultSingletonBeanRegistry.getSingleton(DefaultSingletonBeanRegistry.java:346) ~[spring-beans-6.2.3.jar:6.2.3]
	at org.springframework.beans.factory.support.AbstractBeanFactory.doGetBean(AbstractBeanFactory.java:337) ~[spring-beans-6.2.3.jar:6.2.3]
	at org.springframework.beans.factory.support.AbstractBeanFactory.getBean(AbstractBeanFactory.java:207) ~[spring-beans-6.2.3.jar:6.2.3]
	at org.springframework.context.support.PostProcessorRegistrationDelegate.registerBeanPostProcessors(PostProcessorRegistrationDelegate.java:265) ~[spring-context-6.2.3.jar:6.2.3]
	at org.springframework.context.support.AbstractApplicationContext.registerBeanPostProcessors(AbstractApplicationContext.java:808) ~[spring-context-6.2.3.jar:6.2.3]
	at org.springframework.context.support.AbstractApplicationContext.refresh(AbstractApplicationContext.java:611) ~[spring-context-6.2.3.jar:6.2.3]
	at org.springframework.boot.web.servlet.context.ServletWebServerApplicationContext.refresh(ServletWebServerApplicationContext.java:146) ~[spring-boot-3.4.3.jar:3.4.3]
	at org.springframework.boot.SpringApplication.refresh(SpringApplication.java:752) ~[spring-boot-3.4.3.jar:3.4.3]
	at org.springframework.boot.SpringApplication.refreshContext(SpringApplication.java:439) ~[spring-boot-3.4.3.jar:3.4.3]
	at org.springframework.boot.SpringApplication.run(SpringApplication.java:318) ~[spring-boot-3.4.3.jar:3.4.3]
	at org.springframework.boot.SpringApplication.run(SpringApplication.java:1361) ~[spring-boot-3.4.3.jar:3.4.3]
	at org.springframework.boot.SpringApplication.run(SpringApplication.java:1350) ~[spring-boot-3.4.3.jar:3.4.3]
	at com.smileShark.search.SearchApplication.main(SearchApplication.java:20) ~[classes/:na]
Caused by: org.apache.seata.common.exception.FrameworkException: can not connect to [192.168.24.196:8091]
	at org.apache.seata.core.rpc.netty.NettyClientChannelManager.doReconnect(NettyClientChannelManager.java:251) ~[seata-all-2.1.0.jar:2.1.0]
	at org.apache.seata.core.rpc.netty.NettyClientChannelManager.doReconnect(NettyClientChannelManager.java:212) ~[seata-all-2.1.0.jar:2.1.0]
	at org.apache.seata.core.rpc.netty.NettyClientChannelManager.initReconnect(NettyClientChannelManager.java:176) ~[seata-all-2.1.0.jar:2.1.0]
	at org.apache.seata.core.rpc.netty.TmNettyRemotingClient.initConnection(TmNettyRemotingClient.java:291) ~[seata-all-2.1.0.jar:2.1.0]
	at org.apache.seata.core.rpc.netty.TmNettyRemotingClient.init(TmNettyRemotingClient.java:191) ~[seata-all-2.1.0.jar:2.1.0]
	at org.apache.seata.tm.TMClient.init(TMClient.java:47) ~[seata-all-2.1.0.jar:2.1.0]
	at org.apache.seata.spring.annotation.GlobalTransactionScanner.initClient(GlobalTransactionScanner.java:232) ~[seata-all-2.1.0.jar:2.1.0]
	at org.apache.seata.spring.annotation.GlobalTransactionScanner.afterPropertiesSet(GlobalTransactionScanner.java:480) ~[seata-all-2.1.0.jar:2.1.0]
	at org.springframework.beans.factory.support.AbstractAutowireCapableBeanFactory.invokeInitMethods(AbstractAutowireCapableBeanFactory.java:1859) ~[spring-beans-6.2.3.jar:6.2.3]
	at org.springframework.beans.factory.support.AbstractAutowireCapableBeanFactory.initializeBean(AbstractAutowireCapableBeanFactory.java:1808) ~[spring-beans-6.2.3.jar:6.2.3]
	... 16 common frames omitted

2025-04-04 08:52:18.872  WARN 20352 --- [search-service] [Thread-1] c.a.n.common.executor.ThreadPoolManager  : [ThreadPoolManager] Start destroying ThreadPool
2025-04-04 08:52:18.872  WARN 20352 --- [search-service] [Thread-6] c.a.n.common.http.HttpClientBeanHolder   : [HttpClientBeanHolder] Start destroying common HttpClient
2025-04-04 08:52:18.872  WARN 20352 --- [search-service] [Thread-8] c.a.nacos.common.notify.NotifyCenter     : [NotifyCenter] Start destroying Publisher
2025-04-04 08:52:18.872  WARN 20352 --- [search-service] [Thread-1] c.a.n.common.executor.ThreadPoolManager  : [ThreadPoolManager] Destruction of the end
2025-04-04 08:52:18.872  WARN 20352 --- [search-service] [Thread-8] c.a.nacos.common.notify.NotifyCenter     : [NotifyCenter] Destruction of the end
2025-04-04 08:52:18.872  WARN 20352 --- [search-service] [Thread-6] c.a.n.common.http.HttpClientBeanHolder   : [HttpClientBeanHolder] Destruction of the end
2025-04-04 09:06:44.743  INFO 12408 --- [search-service] [main] c.a.c.n.c.NacosConfigDataLoader          : [Nacos Config] Load config[dataId=shared-seata.yaml, group=DEFAULT_GROUP] success
2025-04-04 09:06:44.744  INFO 12408 --- [search-service] [main] c.a.c.n.c.NacosConfigDataLoader          : [Nacos Config] Load config[dataId=shared-sentinel.yaml, group=DEFAULT_GROUP] success
2025-04-04 09:06:44.744  INFO 12408 --- [search-service] [main] c.a.c.n.c.NacosConfigDataLoader          : [Nacos Config] Load config[dataId=shared-log.yaml, group=DEFAULT_GROUP] success
2025-04-04 09:06:44.745  INFO 12408 --- [search-service] [main] c.a.c.n.c.NacosConfigDataLoader          : [Nacos Config] Load config[dataId=shared-jdbc.yaml, group=DEFAULT_GROUP] success
2025-04-04 09:06:46.012  INFO 12408 --- [search-service] [main] c.c.c.ConfigServicePropertySourceLocator : Fetching config from server at : http://localhost:8888
2025-04-04 09:06:46.064  INFO 12408 --- [search-service] [main] c.c.c.ConfigServicePropertySourceLocator : Exception on Url - http://localhost:8888:org.springframework.web.client.ResourceAccessException: I/O error on GET request for "http://localhost:8888/search-service/dev": Connection refused: getsockopt. Will be trying the next url if available
2025-04-04 09:06:46.064  WARN 12408 --- [search-service] [main] c.c.c.ConfigServicePropertySourceLocator : Could not locate PropertySource: I/O error on GET request for "http://localhost:8888/search-service/dev": Connection refused: getsockopt
2025-04-04 09:06:46.070  INFO 12408 --- [search-service] [main] c.smileShark.search.SearchApplication    : The following 1 profile is active: "dev"
2025-04-04 09:06:46.079  INFO 12408 --- [search-service] [main] c.a.c.n.c.NacosConfigDataLoader          : [Nacos Config] Load config[dataId=shared-seata.yaml, group=DEFAULT_GROUP] success
2025-04-04 09:06:46.079  INFO 12408 --- [search-service] [main] c.a.c.n.c.NacosConfigDataLoader          : [Nacos Config] Load config[dataId=shared-sentinel.yaml, group=DEFAULT_GROUP] success
2025-04-04 09:06:46.079  INFO 12408 --- [search-service] [main] c.a.c.n.c.NacosConfigDataLoader          : [Nacos Config] Load config[dataId=shared-log.yaml, group=DEFAULT_GROUP] success
2025-04-04 09:06:46.079  INFO 12408 --- [search-service] [main] c.a.c.n.c.NacosConfigDataLoader          : [Nacos Config] Load config[dataId=shared-jdbc.yaml, group=DEFAULT_GROUP] success
2025-04-04 09:06:46.531  INFO 12408 --- [search-service] [main] o.s.cloud.context.scope.GenericScope     : BeanFactory id=9ad8f15b-a52c-34a2-b91f-184a53e2f041
2025-04-04 09:06:46.550  WARN 12408 --- [search-service] [main] trationDelegate$BeanPostProcessorChecker : Bean 'com.alibaba.cloud.nacos.NacosConfigAutoConfiguration' of type [com.alibaba.cloud.nacos.NacosConfigAutoConfiguration] is not eligible for getting processed by all BeanPostProcessors (for example: not eligible for auto-proxying). The currently created BeanPostProcessor [nacosAnnotationProcessor] is declared through a non-static factory method on that class; consider declaring it as static instead.
2025-04-04 09:06:46.553  WARN 12408 --- [search-service] [main] trationDelegate$BeanPostProcessorChecker : Bean 'org.apache.seata.spring.boot.autoconfigure.SeataCoreAutoConfiguration' of type [org.apache.seata.spring.boot.autoconfigure.SeataCoreAutoConfiguration] is not eligible for getting processed by all BeanPostProcessors (for example: not eligible for auto-proxying). Is this bean getting eagerly injected/applied to a currently created BeanPostProcessor []? Check the corresponding BeanPostProcessor declaration and its dependencies/advisors. If this bean does not have to be post-processed, declare it with ROLE_INFRASTRUCTURE.
2025-04-04 09:06:46.554  WARN 12408 --- [search-service] [main] trationDelegate$BeanPostProcessorChecker : Bean 'springApplicationContextProvider' of type [org.apache.seata.spring.boot.autoconfigure.provider.SpringApplicationContextProvider] is not eligible for getting processed by all BeanPostProcessors (for example: not eligible for auto-proxying). Is this bean getting eagerly injected/applied to a currently created BeanPostProcessor []? Check the corresponding BeanPostProcessor declaration and its dependencies/advisors. If this bean does not have to be post-processed, declare it with ROLE_INFRASTRUCTURE.
2025-04-04 09:06:46.555  WARN 12408 --- [search-service] [main] trationDelegate$BeanPostProcessorChecker : Bean 'org.apache.seata.spring.boot.autoconfigure.SeataAutoConfiguration' of type [org.apache.seata.spring.boot.autoconfigure.SeataAutoConfiguration] is not eligible for getting processed by all BeanPostProcessors (for example: not eligible for auto-proxying). Is this bean getting eagerly injected/applied to a currently created BeanPostProcessor []? Check the corresponding BeanPostProcessor declaration and its dependencies/advisors. If this bean does not have to be post-processed, declare it with ROLE_INFRASTRUCTURE.
2025-04-04 09:06:46.584  WARN 12408 --- [search-service] [main] trationDelegate$BeanPostProcessorChecker : Bean 'failureHandler' of type [org.apache.seata.tm.api.DefaultFailureHandlerImpl] is not eligible for getting processed by all BeanPostProcessors (for example: not eligible for auto-proxying). Is this bean getting eagerly injected/applied to a currently created BeanPostProcessor []? Check the corresponding BeanPostProcessor declaration and its dependencies/advisors. If this bean does not have to be post-processed, declare it with ROLE_INFRASTRUCTURE.
2025-04-04 09:06:46.586  WARN 12408 --- [search-service] [main] trationDelegate$BeanPostProcessorChecker : Bean 'org.springframework.cloud.commons.config.CommonsConfigAutoConfiguration' of type [org.springframework.cloud.commons.config.CommonsConfigAutoConfiguration] is not eligible for getting processed by all BeanPostProcessors (for example: not eligible for auto-proxying). Is this bean getting eagerly injected/applied to a currently created BeanPostProcessor [globalTransactionScanner]? Check the corresponding BeanPostProcessor declaration and its dependencies/advisors. If this bean does not have to be post-processed, declare it with ROLE_INFRASTRUCTURE.
2025-04-04 09:06:46.588  WARN 12408 --- [search-service] [main] trationDelegate$BeanPostProcessorChecker : Bean 'org.springframework.cloud.client.loadbalancer.LoadBalancerDefaultMappingsProviderAutoConfiguration' of type [org.springframework.cloud.client.loadbalancer.LoadBalancerDefaultMappingsProviderAutoConfiguration] is not eligible for getting processed by all BeanPostProcessors (for example: not eligible for auto-proxying). Is this bean getting eagerly injected/applied to a currently created BeanPostProcessor [globalTransactionScanner]? Check the corresponding BeanPostProcessor declaration and its dependencies/advisors. If this bean does not have to be post-processed, declare it with ROLE_INFRASTRUCTURE.
2025-04-04 09:06:46.588  WARN 12408 --- [search-service] [main] trationDelegate$BeanPostProcessorChecker : Bean 'loadBalancerClientsDefaultsMappingsProvider' of type [org.springframework.cloud.client.loadbalancer.LoadBalancerDefaultMappingsProviderAutoConfiguration$$Lambda/0x000001f1816919a8] is not eligible for getting processed by all BeanPostProcessors (for example: not eligible for auto-proxying). Is this bean getting eagerly injected/applied to a currently created BeanPostProcessor [globalTransactionScanner]? Check the corresponding BeanPostProcessor declaration and its dependencies/advisors. If this bean does not have to be post-processed, declare it with ROLE_INFRASTRUCTURE.
2025-04-04 09:06:46.589  WARN 12408 --- [search-service] [main] trationDelegate$BeanPostProcessorChecker : Bean 'defaultsBindHandlerAdvisor' of type [org.springframework.cloud.commons.config.DefaultsBindHandlerAdvisor] is not eligible for getting processed by all BeanPostProcessors (for example: not eligible for auto-proxying). Is this bean getting eagerly injected/applied to a currently created BeanPostProcessor [globalTransactionScanner]? Check the corresponding BeanPostProcessor declaration and its dependencies/advisors. If this bean does not have to be post-processed, declare it with ROLE_INFRASTRUCTURE.
2025-04-04 09:06:46.591  WARN 12408 --- [search-service] [main] trationDelegate$BeanPostProcessorChecker : Bean 'springCloudAlibabaConfiguration' of type [org.apache.seata.spring.boot.autoconfigure.properties.SpringCloudAlibabaConfiguration] is not eligible for getting processed by all BeanPostProcessors (for example: not eligible for auto-proxying). Is this bean getting eagerly injected/applied to a currently created BeanPostProcessor [globalTransactionScanner]? Check the corresponding BeanPostProcessor declaration and its dependencies/advisors. If this bean does not have to be post-processed, declare it with ROLE_INFRASTRUCTURE.
2025-04-04 09:06:46.593  WARN 12408 --- [search-service] [main] trationDelegate$BeanPostProcessorChecker : Bean 'seataProperties' of type [org.apache.seata.spring.boot.autoconfigure.properties.SeataProperties] is not eligible for getting processed by all BeanPostProcessors (for example: not eligible for auto-proxying). Is this bean getting eagerly injected/applied to a currently created BeanPostProcessor [globalTransactionScanner]? Check the corresponding BeanPostProcessor declaration and its dependencies/advisors. If this bean does not have to be post-processed, declare it with ROLE_INFRASTRUCTURE.
2025-04-04 09:06:46.594  INFO 12408 --- [search-service] [main] o.a.s.s.b.a.SeataAutoConfiguration       : Automatically configure Seata
2025-04-04 09:06:46.602  INFO 12408 --- [search-service] [main] ServiceLoader$InnerEnhancedServiceLoader : Load compatible class io.seata.spring.annotation.ScannerChecker
2025-04-04 09:06:46.634  INFO 12408 --- [search-service] [main] ServiceLoader$InnerEnhancedServiceLoader : Ignore load compatible class io.seata.config.ExtConfigurationProvider, because is not assignable from origin type org.apache.seata.config.ExtConfigurationProvider
2025-04-04 09:06:46.642  INFO 12408 --- [search-service] [main] o.a.seata.config.ConfigurationFactory    : load Configuration from :Spring Configuration
2025-04-04 09:06:46.656  INFO 12408 --- [search-service] [main] ServiceLoader$InnerEnhancedServiceLoader : Load compatible class io.seata.integration.tx.api.remoting.RemotingParser
2025-04-04 09:06:46.656  INFO 12408 --- [search-service] [main] o.a.s.s.a.GlobalTransactionScanner       : Initializing Global Transaction Clients ... 
2025-04-04 09:06:46.691  INFO 12408 --- [search-service] [main] ServiceLoader$InnerEnhancedServiceLoader : Load compatible class io.seata.core.auth.AuthSigner
2025-04-04 09:06:46.696  INFO 12408 --- [search-service] [main] o.a.s.c.rpc.netty.NettyClientBootstrap   : NettyClientBootstrap has started
2025-04-04 09:06:46.699  INFO 12408 --- [search-service] [main] o.a.s.d.registry.RegistryFactory         : use registry center type: nacos
2025-04-04 09:06:46.701  INFO 12408 --- [search-service] [main] ServiceLoader$InnerEnhancedServiceLoader : Load compatible class io.seata.discovery.registry.RegistryProvider
2025-04-04 09:06:46.703  INFO 12408 --- [search-service] [main] o.a.s.d.r.n.NacosRegistryServiceImpl     : Nacos check auth with userName/password.
2025-04-04 09:06:46.703  INFO 12408 --- [search-service] [main] o.a.s.d.r.n.NacosRegistryServiceImpl     : Nacos check auth with userName/password.
2025-04-04 09:06:46.713  INFO 12408 --- [search-service] [main] c.a.n.p.a.s.c.ClientAuthPluginManager    : [ClientAuthPluginManager] Load ClientAuthService com.alibaba.nacos.client.auth.impl.NacosClientAuthServiceImpl success.
2025-04-04 09:06:46.713  INFO 12408 --- [search-service] [main] c.a.n.p.a.s.c.ClientAuthPluginManager    : [ClientAuthPluginManager] Load ClientAuthService com.alibaba.nacos.client.auth.ram.RamClientAuthServiceImpl success.
2025-04-04 09:06:46.820  INFO 12408 --- [search-service] [main] o.a.s.c.r.n.NettyClientChannelManager    : will connect to 192.168.0.134:8091
2025-04-04 09:06:46.824  INFO 12408 --- [search-service] [main] o.a.s.c.rpc.netty.NettyPoolableFactory   : NettyPool create channel to transactionRole:TMROLE,address:192.168.0.134:8091,msg:< RegisterTMRequest{version='2.1.0', applicationId='search-service', transactionServiceGroup='shark-tool', extraData='ak=null
digest=shark-tool,192.168.0.134,1743728806823
timestamp=1743728806823
authVersion=V4
vgroup=shark-tool
ip=192.168.0.134
'} >
2025-04-04 09:06:46.888  INFO 12408 --- [search-service] [NettyClientSelector_TMROLE_1_1] ServiceLoader$InnerEnhancedServiceLoader : Load compatible class io.seata.core.serializer.Serializer
2025-04-04 09:06:46.908  INFO 12408 --- [search-service] [main] o.a.s.c.rpc.netty.TmNettyRemotingClient  : register TM success. client version:2.1.0, server version:1.5.2,channel:[id: 0xcb98268e, L:/192.168.0.134:26711 - R:/192.168.0.134:8091]
2025-04-04 09:06:46.912  INFO 12408 --- [search-service] [main] o.a.s.c.rpc.netty.NettyPoolableFactory   : register success, cost 36 ms, version:1.5.2,role:TMROLE,channel:[id: 0xcb98268e, L:/192.168.0.134:26711 - R:/192.168.0.134:8091]
2025-04-04 09:06:46.913  INFO 12408 --- [search-service] [main] o.a.s.s.a.GlobalTransactionScanner       : Transaction Manager Client is initialized. applicationId[search-service] txServiceGroup[shark-tool]
2025-04-04 09:06:46.920  INFO 12408 --- [search-service] [main] ServiceLoader$InnerEnhancedServiceLoader : Load compatible class io.seata.core.model.ResourceManager
2025-04-04 09:06:46.921  INFO 12408 --- [search-service] [main] o.a.seata.rm.datasource.AsyncWorker      : Async Commit Buffer Limit: 10000
2025-04-04 09:06:46.922  INFO 12408 --- [search-service] [main] o.a.s.r.datasource.xa.ResourceManagerXA  : ResourceManagerXA init ...
2025-04-04 09:06:46.925  INFO 12408 --- [search-service] [main] o.a.s.c.rpc.netty.NettyClientBootstrap   : NettyClientBootstrap has started
2025-04-04 09:06:46.925  INFO 12408 --- [search-service] [main] o.a.s.s.a.GlobalTransactionScanner       : Resource Manager is initialized. applicationId[search-service] txServiceGroup[shark-tool]
2025-04-04 09:06:46.925  INFO 12408 --- [search-service] [main] o.a.s.s.a.GlobalTransactionScanner       : Global Transaction Clients are initialized. 
2025-04-04 09:06:46.943  INFO 12408 --- [search-service] [main] o.a.s.s.a.GlobalTransactionScanner       : The needed enhancement business beans are : []
2025-04-04 09:06:47.285  INFO 12408 --- [search-service] [main] o.s.b.w.embedded.tomcat.TomcatWebServer  : Tomcat initialized with port 8081 (http)
2025-04-04 09:06:47.288  INFO 12408 --- [search-service] [main] o.a.catalina.core.AprLifecycleListener   : An older version [1.3.1] of the Apache Tomcat Native library is installed, while Tomcat recommends a minimum version of [2.0.5]
2025-04-04 09:06:47.288  INFO 12408 --- [search-service] [main] o.a.catalina.core.AprLifecycleListener   : Loaded Apache Tomcat Native library [1.3.1] using APR version [1.7.4].
2025-04-04 09:06:47.291  INFO 12408 --- [search-service] [main] o.a.catalina.core.AprLifecycleListener   : OpenSSL successfully initialized [OpenSSL 3.0.14 4 Jun 2024]
2025-04-04 09:06:47.301  INFO 12408 --- [search-service] [main] o.apache.catalina.core.StandardService   : Starting service [Tomcat]
2025-04-04 09:06:47.301  INFO 12408 --- [search-service] [main] o.apache.catalina.core.StandardEngine    : Starting Servlet engine: [Apache Tomcat/10.1.36]
2025-04-04 09:06:47.345  INFO 12408 --- [search-service] [main] o.a.c.c.C.[Tomcat].[localhost].[/]       : Initializing Spring embedded WebApplicationContext
2025-04-04 09:06:47.345  INFO 12408 --- [search-service] [main] w.s.c.ServletWebServerApplicationContext : Root WebApplicationContext: initialization completed in 1265 ms
2025-04-04 09:06:47.566  INFO 12408 --- [search-service] [main] c.a.c.sentinel.SentinelWebMvcConfigurer  : [Sentinel Starter] register SentinelWebInterceptor with urlPatterns: [/**].
2025-04-04 09:06:48.721  INFO 12408 --- [search-service] [main] o.s.cloud.commons.util.InetUtils         : Cannot determine local hostname
2025-04-04 09:06:49.838  INFO 12408 --- [search-service] [main] o.s.cloud.commons.util.InetUtils         : Cannot determine local hostname
2025-04-04 09:06:49.922  INFO 12408 --- [search-service] [main] o.s.b.w.embedded.tomcat.TomcatWebServer  : Tomcat started on port 8081 (http) with context path '/'
2025-04-04 09:06:49.924  INFO 12408 --- [search-service] [main] c.a.n.p.a.s.c.ClientAuthPluginManager    : [ClientAuthPluginManager] Load ClientAuthService com.alibaba.nacos.client.auth.impl.NacosClientAuthServiceImpl success.
2025-04-04 09:06:49.924  INFO 12408 --- [search-service] [main] c.a.n.p.a.s.c.ClientAuthPluginManager    : [ClientAuthPluginManager] Load ClientAuthService com.alibaba.nacos.client.auth.ram.RamClientAuthServiceImpl success.
2025-04-04 09:06:49.996  INFO 12408 --- [search-service] [main] c.a.c.n.registry.NacosServiceRegistry    : nacos registry, DEFAULT_GROUP search-service 192.168.0.134:8081 register finished
2025-04-04 09:06:51.000  INFO 12408 --- [search-service] [main] o.s.cloud.commons.util.InetUtils         : Cannot determine local hostname
2025-04-04 09:06:51.007  INFO 12408 --- [search-service] [main] c.smileShark.search.SearchApplication    : Started SearchApplication in 8.811 seconds (process running for 9.342)
2025-04-04 09:06:51.011  INFO 12408 --- [search-service] [main] c.a.c.n.refresh.NacosContextRefresher    : [Nacos Config] Listening config: dataId=shared-seata.yaml, group=DEFAULT_GROUP
2025-04-04 09:06:51.011  INFO 12408 --- [search-service] [main] c.a.c.n.refresh.NacosContextRefresher    : [Nacos Config] Listening config: dataId=shared-sentinel.yaml, group=DEFAULT_GROUP
2025-04-04 09:06:51.011  INFO 12408 --- [search-service] [main] c.a.c.n.refresh.NacosContextRefresher    : [Nacos Config] Listening config: dataId=shared-log.yaml, group=DEFAULT_GROUP
2025-04-04 09:06:51.012  INFO 12408 --- [search-service] [main] c.a.c.n.refresh.NacosContextRefresher    : [Nacos Config] Listening config: dataId=shared-jdbc.yaml, group=DEFAULT_GROUP
2025-04-04 09:07:46.925  INFO 12408 --- [search-service] [timeoutChecker_2_1] o.a.s.c.r.n.NettyClientChannelManager    : will connect to 192.168.0.134:8091
2025-04-04 09:07:46.925  INFO 12408 --- [search-service] [timeoutChecker_2_1] o.a.s.c.rpc.netty.NettyPoolableFactory   : NettyPool create channel to transactionRole:RMROLE,address:192.168.0.134:8091,msg:< RegisterRMRequest{resourceIds='null', version='2.1.0', applicationId='search-service', transactionServiceGroup='shark-tool', extraData='null'} >
2025-04-04 09:07:46.931  INFO 12408 --- [search-service] [timeoutChecker_2_1] o.a.s.c.rpc.netty.RmNettyRemotingClient  : register RM success. client version:2.1.0, server version:1.5.2,channel:[id: 0xc58d7178, L:/192.168.0.134:26831 - R:/192.168.0.134:8091]
2025-04-04 09:07:46.931  INFO 12408 --- [search-service] [timeoutChecker_2_1] o.a.s.c.rpc.netty.NettyPoolableFactory   : register success, cost 5 ms, version:1.5.2,role:RMROLE,channel:[id: 0xc58d7178, L:/192.168.0.134:26831 - R:/192.168.0.134:8091]
2025-04-04 09:22:55.932  INFO 12408 --- [search-service] [nacos.client.config.listener.task-0] c.a.c.n.refresh.NacosContextRefresher    : [Nacos Config] Receive Nacos config change: dataId=shared-seata.yaml, group=DEFAULT_GROUP
2025-04-04 09:22:57.194  INFO 12408 --- [search-service] [nacos.client.config.listener.task-0] o.s.cloud.commons.util.InetUtils         : Cannot determine local hostname
2025-04-04 09:22:57.236  INFO 12408 --- [search-service] [nacos.client.config.listener.task-0] c.a.c.n.c.NacosConfigDataLoader          : [Nacos Config] Load config[dataId=shared-seata.yaml, group=DEFAULT_GROUP] success
2025-04-04 09:22:57.236  INFO 12408 --- [search-service] [nacos.client.config.listener.task-0] c.a.c.n.c.NacosConfigDataLoader          : [Nacos Config] Load config[dataId=shared-sentinel.yaml, group=DEFAULT_GROUP] success
2025-04-04 09:22:57.236  INFO 12408 --- [search-service] [nacos.client.config.listener.task-0] c.a.c.n.c.NacosConfigDataLoader          : [Nacos Config] Load config[dataId=shared-log.yaml, group=DEFAULT_GROUP] success
2025-04-04 09:22:57.236  INFO 12408 --- [search-service] [nacos.client.config.listener.task-0] c.a.c.n.c.NacosConfigDataLoader          : [Nacos Config] Load config[dataId=shared-jdbc.yaml, group=DEFAULT_GROUP] success
2025-04-04 09:22:57.286  INFO 12408 --- [search-service] [nacos.client.config.listener.task-0] c.c.c.ConfigServicePropertySourceLocator : Fetching config from server at : http://localhost:8888
2025-04-04 09:22:57.286  INFO 12408 --- [search-service] [nacos.client.config.listener.task-0] c.c.c.ConfigServicePropertySourceLocator : Exception on Url - http://localhost:8888:org.springframework.web.client.ResourceAccessException: I/O error on GET request for "http://localhost:8888/search-service/dev": Connection refused: getsockopt. Will be trying the next url if available
2025-04-04 09:22:57.286  WARN 12408 --- [search-service] [nacos.client.config.listener.task-0] c.c.c.ConfigServicePropertySourceLocator : Could not locate PropertySource: I/O error on GET request for "http://localhost:8888/search-service/dev": Connection refused: getsockopt
2025-04-04 09:22:57.296  INFO 12408 --- [search-service] [nacos.client.config.listener.task-0] o.s.boot.SpringApplication               : The following 1 profile is active: "dev"
2025-04-04 09:22:57.296  INFO 12408 --- [search-service] [nacos.client.config.listener.task-0] o.s.boot.SpringApplication               : Started application in 1.357 seconds (process running for 975.641)
2025-04-04 09:22:57.372  INFO 12408 --- [search-service] [nacos.client.config.listener.task-0] o.s.c.e.event.RefreshEventListener       : Refresh keys changed: [seata.data-source-proxy-mode]
2025-04-04 09:34:37.725  WARN 12408 --- [search-service] [Thread-8] c.a.nacos.common.notify.NotifyCenter     : [NotifyCenter] Start destroying Publisher
2025-04-04 09:34:37.725  WARN 12408 --- [search-service] [Thread-1] c.a.n.common.executor.ThreadPoolManager  : [ThreadPoolManager] Start destroying ThreadPool
2025-04-04 09:34:37.725  WARN 12408 --- [search-service] [Thread-6] c.a.n.common.http.HttpClientBeanHolder   : [HttpClientBeanHolder] Start destroying common HttpClient
2025-04-04 09:34:37.725  WARN 12408 --- [search-service] [Thread-8] c.a.nacos.common.notify.NotifyCenter     : [NotifyCenter] Destruction of the end
2025-04-04 09:34:37.725  WARN 12408 --- [search-service] [Thread-1] c.a.n.common.executor.ThreadPoolManager  : [ThreadPoolManager] Destruction of the end
2025-04-04 09:34:37.726  WARN 12408 --- [search-service] [Thread-6] c.a.n.common.http.HttpClientBeanHolder   : [HttpClientBeanHolder] Destruction of the end
2025-04-04 09:34:37.727  INFO 12408 --- [search-service] [SpringContextShutdownHook] o.s.b.w.e.tomcat.GracefulShutdown        : Commencing graceful shutdown. Waiting for active requests to complete
2025-04-04 09:34:37.733  INFO 12408 --- [search-service] [tomcat-shutdown] o.s.b.w.e.tomcat.GracefulShutdown        : Graceful shutdown complete
2025-04-04 09:34:37.736  INFO 12408 --- [search-service] [SpringContextShutdownHook] c.a.c.n.registry.NacosServiceRegistry    : De-registering from Nacos Server now...
2025-04-04 09:34:37.746  INFO 12408 --- [search-service] [SpringContextShutdownHook] c.a.c.n.registry.NacosServiceRegistry    : De-registration finished.
2025-04-04 09:34:37.756  INFO 12408 --- [search-service] [NettyClientSelector_TMROLE_1_1] o.a.s.c.r.n.AbstractNettyRemotingClient  : channel inactive: [id: 0xcb98268e, L:/192.168.0.134:26711 ! R:/192.168.0.134:8091]
2025-04-04 09:34:37.756  INFO 12408 --- [search-service] [NettyClientSelector_TMROLE_1_1] o.a.s.c.r.n.NettyClientChannelManager    : return to pool, rm channel:[id: 0xcb98268e, L:/192.168.0.134:26711 ! R:/192.168.0.134:8091]
2025-04-04 09:34:37.756  INFO 12408 --- [search-service] [NettyClientSelector_TMROLE_1_1] o.a.s.c.rpc.netty.NettyPoolableFactory   : channel valid false,channel:[id: 0xcb98268e, L:/192.168.0.134:26711 ! R:/192.168.0.134:8091]
2025-04-04 09:34:37.756  INFO 12408 --- [search-service] [NettyClientSelector_TMROLE_1_1] o.a.s.c.rpc.netty.NettyPoolableFactory   : will destroy channel:[id: 0xcb98268e, L:/192.168.0.134:26711 ! R:/192.168.0.134:8091]
2025-04-04 09:34:37.756  INFO 12408 --- [search-service] [NettyClientSelector_TMROLE_1_1] o.a.s.c.r.n.AbstractNettyRemotingClient  : ChannelHandlerContext(AbstractNettyRemotingClient$ClientHandler#0, [id: 0xcb98268e, L:/192.168.0.134:26711 ! R:/192.168.0.134:8091]) will closed
2025-04-04 09:34:37.756  INFO 12408 --- [search-service] [NettyClientSelector_TMROLE_1_1] o.a.s.c.r.n.AbstractNettyRemotingClient  : ChannelHandlerContext(AbstractNettyRemotingClient$ClientHandler#0, [id: 0xcb98268e, L:/192.168.0.134:26711 ! R:/192.168.0.134:8091]) will closed
2025-04-04 09:34:37.756  INFO 12408 --- [search-service] [NettyClientSelector_RMROLE_1_1] o.a.s.c.r.n.AbstractNettyRemotingClient  : channel inactive: [id: 0xc58d7178, L:/192.168.0.134:26831 ! R:/192.168.0.134:8091]
2025-04-04 09:34:37.756  INFO 12408 --- [search-service] [NettyClientSelector_RMROLE_1_1] o.a.s.c.r.n.NettyClientChannelManager    : return to pool, rm channel:[id: 0xc58d7178, L:/192.168.0.134:26831 ! R:/192.168.0.134:8091]
2025-04-04 09:34:37.757  INFO 12408 --- [search-service] [NettyClientSelector_RMROLE_1_1] o.a.s.c.rpc.netty.NettyPoolableFactory   : channel valid false,channel:[id: 0xc58d7178, L:/192.168.0.134:26831 ! R:/192.168.0.134:8091]
2025-04-04 09:34:37.757  INFO 12408 --- [search-service] [NettyClientSelector_RMROLE_1_1] o.a.s.c.rpc.netty.NettyPoolableFactory   : will destroy channel:[id: 0xc58d7178, L:/192.168.0.134:26831 ! R:/192.168.0.134:8091]
2025-04-04 09:34:37.757  INFO 12408 --- [search-service] [NettyClientSelector_RMROLE_1_1] o.a.s.c.r.n.AbstractNettyRemotingClient  : ChannelHandlerContext(AbstractNettyRemotingClient$ClientHandler#0, [id: 0xc58d7178, L:/192.168.0.134:26831 ! R:/192.168.0.134:8091]) will closed
2025-04-04 09:34:37.757  INFO 12408 --- [search-service] [NettyClientSelector_RMROLE_1_1] o.a.s.c.r.n.AbstractNettyRemotingClient  : ChannelHandlerContext(AbstractNettyRemotingClient$ClientHandler#0, [id: 0xc58d7178, L:/192.168.0.134:26831 ! R:/192.168.0.134:8091]) will closed
2025-04-04 09:34:45.648  INFO 28492 --- [search-service] [main] c.a.c.n.c.NacosConfigDataLoader          : [Nacos Config] Load config[dataId=shared-seata.yaml, group=DEFAULT_GROUP] success
2025-04-04 09:34:45.649  INFO 28492 --- [search-service] [main] c.a.c.n.c.NacosConfigDataLoader          : [Nacos Config] Load config[dataId=shared-sentinel.yaml, group=DEFAULT_GROUP] success
2025-04-04 09:34:45.649  INFO 28492 --- [search-service] [main] c.a.c.n.c.NacosConfigDataLoader          : [Nacos Config] Load config[dataId=shared-log.yaml, group=DEFAULT_GROUP] success
2025-04-04 09:34:45.649  INFO 28492 --- [search-service] [main] c.a.c.n.c.NacosConfigDataLoader          : [Nacos Config] Load config[dataId=shared-jdbc.yaml, group=DEFAULT_GROUP] success
2025-04-04 09:34:47.069  INFO 28492 --- [search-service] [main] c.c.c.ConfigServicePropertySourceLocator : Fetching config from server at : http://localhost:8888
2025-04-04 09:34:47.100  INFO 28492 --- [search-service] [main] c.c.c.ConfigServicePropertySourceLocator : Exception on Url - http://localhost:8888:org.springframework.web.client.ResourceAccessException: I/O error on GET request for "http://localhost:8888/search-service/dev": Connection refused: getsockopt. Will be trying the next url if available
2025-04-04 09:34:47.100  WARN 28492 --- [search-service] [main] c.c.c.ConfigServicePropertySourceLocator : Could not locate PropertySource: I/O error on GET request for "http://localhost:8888/search-service/dev": Connection refused: getsockopt
2025-04-04 09:34:47.108  INFO 28492 --- [search-service] [main] c.smileShark.search.SearchApplication    : The following 1 profile is active: "dev"
2025-04-04 09:34:47.120  INFO 28492 --- [search-service] [main] c.a.c.n.c.NacosConfigDataLoader          : [Nacos Config] Load config[dataId=shared-seata.yaml, group=DEFAULT_GROUP] success
2025-04-04 09:34:47.120  INFO 28492 --- [search-service] [main] c.a.c.n.c.NacosConfigDataLoader          : [Nacos Config] Load config[dataId=shared-sentinel.yaml, group=DEFAULT_GROUP] success
2025-04-04 09:34:47.120  INFO 28492 --- [search-service] [main] c.a.c.n.c.NacosConfigDataLoader          : [Nacos Config] Load config[dataId=shared-log.yaml, group=DEFAULT_GROUP] success
2025-04-04 09:34:47.120  INFO 28492 --- [search-service] [main] c.a.c.n.c.NacosConfigDataLoader          : [Nacos Config] Load config[dataId=shared-jdbc.yaml, group=DEFAULT_GROUP] success
2025-04-04 09:34:47.612  INFO 28492 --- [search-service] [main] o.s.cloud.context.scope.GenericScope     : BeanFactory id=9ad8f15b-a52c-34a2-b91f-184a53e2f041
2025-04-04 09:34:47.634  WARN 28492 --- [search-service] [main] trationDelegate$BeanPostProcessorChecker : Bean 'com.alibaba.cloud.nacos.NacosConfigAutoConfiguration' of type [com.alibaba.cloud.nacos.NacosConfigAutoConfiguration] is not eligible for getting processed by all BeanPostProcessors (for example: not eligible for auto-proxying). The currently created BeanPostProcessor [nacosAnnotationProcessor] is declared through a non-static factory method on that class; consider declaring it as static instead.
2025-04-04 09:34:47.638  WARN 28492 --- [search-service] [main] trationDelegate$BeanPostProcessorChecker : Bean 'org.apache.seata.spring.boot.autoconfigure.SeataCoreAutoConfiguration' of type [org.apache.seata.spring.boot.autoconfigure.SeataCoreAutoConfiguration] is not eligible for getting processed by all BeanPostProcessors (for example: not eligible for auto-proxying). Is this bean getting eagerly injected/applied to a currently created BeanPostProcessor []? Check the corresponding BeanPostProcessor declaration and its dependencies/advisors. If this bean does not have to be post-processed, declare it with ROLE_INFRASTRUCTURE.
2025-04-04 09:34:47.639  WARN 28492 --- [search-service] [main] trationDelegate$BeanPostProcessorChecker : Bean 'springApplicationContextProvider' of type [org.apache.seata.spring.boot.autoconfigure.provider.SpringApplicationContextProvider] is not eligible for getting processed by all BeanPostProcessors (for example: not eligible for auto-proxying). Is this bean getting eagerly injected/applied to a currently created BeanPostProcessor []? Check the corresponding BeanPostProcessor declaration and its dependencies/advisors. If this bean does not have to be post-processed, declare it with ROLE_INFRASTRUCTURE.
2025-04-04 09:34:47.640  WARN 28492 --- [search-service] [main] trationDelegate$BeanPostProcessorChecker : Bean 'org.apache.seata.spring.boot.autoconfigure.SeataAutoConfiguration' of type [org.apache.seata.spring.boot.autoconfigure.SeataAutoConfiguration] is not eligible for getting processed by all BeanPostProcessors (for example: not eligible for auto-proxying). Is this bean getting eagerly injected/applied to a currently created BeanPostProcessor []? Check the corresponding BeanPostProcessor declaration and its dependencies/advisors. If this bean does not have to be post-processed, declare it with ROLE_INFRASTRUCTURE.
2025-04-04 09:34:47.670  WARN 28492 --- [search-service] [main] trationDelegate$BeanPostProcessorChecker : Bean 'failureHandler' of type [org.apache.seata.tm.api.DefaultFailureHandlerImpl] is not eligible for getting processed by all BeanPostProcessors (for example: not eligible for auto-proxying). Is this bean getting eagerly injected/applied to a currently created BeanPostProcessor []? Check the corresponding BeanPostProcessor declaration and its dependencies/advisors. If this bean does not have to be post-processed, declare it with ROLE_INFRASTRUCTURE.
2025-04-04 09:34:47.680  WARN 28492 --- [search-service] [main] trationDelegate$BeanPostProcessorChecker : Bean 'org.springframework.cloud.commons.config.CommonsConfigAutoConfiguration' of type [org.springframework.cloud.commons.config.CommonsConfigAutoConfiguration] is not eligible for getting processed by all BeanPostProcessors (for example: not eligible for auto-proxying). Is this bean getting eagerly injected/applied to a currently created BeanPostProcessor [globalTransactionScanner]? Check the corresponding BeanPostProcessor declaration and its dependencies/advisors. If this bean does not have to be post-processed, declare it with ROLE_INFRASTRUCTURE.
2025-04-04 09:34:47.683  WARN 28492 --- [search-service] [main] trationDelegate$BeanPostProcessorChecker : Bean 'org.springframework.cloud.client.loadbalancer.LoadBalancerDefaultMappingsProviderAutoConfiguration' of type [org.springframework.cloud.client.loadbalancer.LoadBalancerDefaultMappingsProviderAutoConfiguration] is not eligible for getting processed by all BeanPostProcessors (for example: not eligible for auto-proxying). Is this bean getting eagerly injected/applied to a currently created BeanPostProcessor [globalTransactionScanner]? Check the corresponding BeanPostProcessor declaration and its dependencies/advisors. If this bean does not have to be post-processed, declare it with ROLE_INFRASTRUCTURE.
2025-04-04 09:34:47.683  WARN 28492 --- [search-service] [main] trationDelegate$BeanPostProcessorChecker : Bean 'loadBalancerClientsDefaultsMappingsProvider' of type [org.springframework.cloud.client.loadbalancer.LoadBalancerDefaultMappingsProviderAutoConfiguration$$Lambda/0x0000018581693020] is not eligible for getting processed by all BeanPostProcessors (for example: not eligible for auto-proxying). Is this bean getting eagerly injected/applied to a currently created BeanPostProcessor [globalTransactionScanner]? Check the corresponding BeanPostProcessor declaration and its dependencies/advisors. If this bean does not have to be post-processed, declare it with ROLE_INFRASTRUCTURE.
2025-04-04 09:34:47.684  WARN 28492 --- [search-service] [main] trationDelegate$BeanPostProcessorChecker : Bean 'defaultsBindHandlerAdvisor' of type [org.springframework.cloud.commons.config.DefaultsBindHandlerAdvisor] is not eligible for getting processed by all BeanPostProcessors (for example: not eligible for auto-proxying). Is this bean getting eagerly injected/applied to a currently created BeanPostProcessor [globalTransactionScanner]? Check the corresponding BeanPostProcessor declaration and its dependencies/advisors. If this bean does not have to be post-processed, declare it with ROLE_INFRASTRUCTURE.
2025-04-04 09:34:47.686  WARN 28492 --- [search-service] [main] trationDelegate$BeanPostProcessorChecker : Bean 'springCloudAlibabaConfiguration' of type [org.apache.seata.spring.boot.autoconfigure.properties.SpringCloudAlibabaConfiguration] is not eligible for getting processed by all BeanPostProcessors (for example: not eligible for auto-proxying). Is this bean getting eagerly injected/applied to a currently created BeanPostProcessor [globalTransactionScanner]? Check the corresponding BeanPostProcessor declaration and its dependencies/advisors. If this bean does not have to be post-processed, declare it with ROLE_INFRASTRUCTURE.
2025-04-04 09:34:47.688  WARN 28492 --- [search-service] [main] trationDelegate$BeanPostProcessorChecker : Bean 'seataProperties' of type [org.apache.seata.spring.boot.autoconfigure.properties.SeataProperties] is not eligible for getting processed by all BeanPostProcessors (for example: not eligible for auto-proxying). Is this bean getting eagerly injected/applied to a currently created BeanPostProcessor [globalTransactionScanner]? Check the corresponding BeanPostProcessor declaration and its dependencies/advisors. If this bean does not have to be post-processed, declare it with ROLE_INFRASTRUCTURE.
2025-04-04 09:34:47.688  INFO 28492 --- [search-service] [main] o.a.s.s.b.a.SeataAutoConfiguration       : Automatically configure Seata
2025-04-04 09:34:47.698  INFO 28492 --- [search-service] [main] ServiceLoader$InnerEnhancedServiceLoader : Load compatible class io.seata.spring.annotation.ScannerChecker
2025-04-04 09:34:47.730  INFO 28492 --- [search-service] [main] ServiceLoader$InnerEnhancedServiceLoader : Ignore load compatible class io.seata.config.ExtConfigurationProvider, because is not assignable from origin type org.apache.seata.config.ExtConfigurationProvider
2025-04-04 09:34:47.739  INFO 28492 --- [search-service] [main] o.a.seata.config.ConfigurationFactory    : load Configuration from :Spring Configuration
2025-04-04 09:34:47.756  INFO 28492 --- [search-service] [main] ServiceLoader$InnerEnhancedServiceLoader : Load compatible class io.seata.integration.tx.api.remoting.RemotingParser
2025-04-04 09:34:47.757  INFO 28492 --- [search-service] [main] o.a.s.s.a.GlobalTransactionScanner       : Initializing Global Transaction Clients ... 
2025-04-04 09:34:47.797  INFO 28492 --- [search-service] [main] ServiceLoader$InnerEnhancedServiceLoader : Load compatible class io.seata.core.auth.AuthSigner
2025-04-04 09:34:47.805  INFO 28492 --- [search-service] [main] o.a.s.c.rpc.netty.NettyClientBootstrap   : NettyClientBootstrap has started
2025-04-04 09:34:47.808  INFO 28492 --- [search-service] [main] o.a.s.d.registry.RegistryFactory         : use registry center type: nacos
2025-04-04 09:34:47.811  INFO 28492 --- [search-service] [main] ServiceLoader$InnerEnhancedServiceLoader : Load compatible class io.seata.discovery.registry.RegistryProvider
2025-04-04 09:34:47.814  INFO 28492 --- [search-service] [main] o.a.s.d.r.n.NacosRegistryServiceImpl     : Nacos check auth with userName/password.
2025-04-04 09:34:47.815  INFO 28492 --- [search-service] [main] o.a.s.d.r.n.NacosRegistryServiceImpl     : Nacos check auth with userName/password.
2025-04-04 09:34:47.826  INFO 28492 --- [search-service] [main] c.a.n.p.a.s.c.ClientAuthPluginManager    : [ClientAuthPluginManager] Load ClientAuthService com.alibaba.nacos.client.auth.impl.NacosClientAuthServiceImpl success.
2025-04-04 09:34:47.826  INFO 28492 --- [search-service] [main] c.a.n.p.a.s.c.ClientAuthPluginManager    : [ClientAuthPluginManager] Load ClientAuthService com.alibaba.nacos.client.auth.ram.RamClientAuthServiceImpl success.
2025-04-04 09:34:47.952  INFO 28492 --- [search-service] [main] o.a.s.c.r.n.NettyClientChannelManager    : will connect to 192.168.0.134:8091
2025-04-04 09:34:47.956  INFO 28492 --- [search-service] [main] o.a.s.c.rpc.netty.NettyPoolableFactory   : NettyPool create channel to transactionRole:TMROLE,address:192.168.0.134:8091,msg:< RegisterTMRequest{version='2.1.0', applicationId='search-service', transactionServiceGroup='shark-tool', extraData='ak=null
digest=shark-tool,192.168.0.134,1743730487954
timestamp=1743730487954
authVersion=V4
vgroup=shark-tool
ip=192.168.0.134
'} >
2025-04-04 09:34:48.013  INFO 28492 --- [search-service] [NettyClientSelector_TMROLE_1_1] ServiceLoader$InnerEnhancedServiceLoader : Load compatible class io.seata.core.serializer.Serializer
2025-04-04 09:34:48.027  INFO 28492 --- [search-service] [main] o.a.s.c.rpc.netty.TmNettyRemotingClient  : register TM success. client version:2.1.0, server version:1.5.2,channel:[id: 0x6aec41f2, L:/192.168.0.134:33027 - R:/192.168.0.134:8091]
2025-04-04 09:34:48.031  INFO 28492 --- [search-service] [main] o.a.s.c.rpc.netty.NettyPoolableFactory   : register success, cost 33 ms, version:1.5.2,role:TMROLE,channel:[id: 0x6aec41f2, L:/192.168.0.134:33027 - R:/192.168.0.134:8091]
2025-04-04 09:34:48.032  INFO 28492 --- [search-service] [main] o.a.s.s.a.GlobalTransactionScanner       : Transaction Manager Client is initialized. applicationId[search-service] txServiceGroup[shark-tool]
2025-04-04 09:34:48.040  INFO 28492 --- [search-service] [main] ServiceLoader$InnerEnhancedServiceLoader : Load compatible class io.seata.core.model.ResourceManager
2025-04-04 09:34:48.041  INFO 28492 --- [search-service] [main] o.a.seata.rm.datasource.AsyncWorker      : Async Commit Buffer Limit: 10000
2025-04-04 09:34:48.042  INFO 28492 --- [search-service] [main] o.a.s.r.datasource.xa.ResourceManagerXA  : ResourceManagerXA init ...
2025-04-04 09:34:48.046  INFO 28492 --- [search-service] [main] o.a.s.c.rpc.netty.NettyClientBootstrap   : NettyClientBootstrap has started
2025-04-04 09:34:48.046  INFO 28492 --- [search-service] [main] o.a.s.s.a.GlobalTransactionScanner       : Resource Manager is initialized. applicationId[search-service] txServiceGroup[shark-tool]
2025-04-04 09:34:48.046  INFO 28492 --- [search-service] [main] o.a.s.s.a.GlobalTransactionScanner       : Global Transaction Clients are initialized. 
2025-04-04 09:34:48.069  INFO 28492 --- [search-service] [main] o.a.s.s.a.GlobalTransactionScanner       : The needed enhancement business beans are : []
2025-04-04 09:34:48.421  INFO 28492 --- [search-service] [main] o.s.b.w.embedded.tomcat.TomcatWebServer  : Tomcat initialized with port 8081 (http)
2025-04-04 09:34:48.425  INFO 28492 --- [search-service] [main] o.a.catalina.core.AprLifecycleListener   : An older version [1.3.1] of the Apache Tomcat Native library is installed, while Tomcat recommends a minimum version of [2.0.5]
2025-04-04 09:34:48.425  INFO 28492 --- [search-service] [main] o.a.catalina.core.AprLifecycleListener   : Loaded Apache Tomcat Native library [1.3.1] using APR version [1.7.4].
2025-04-04 09:34:48.427  INFO 28492 --- [search-service] [main] o.a.catalina.core.AprLifecycleListener   : OpenSSL successfully initialized [OpenSSL 3.0.14 4 Jun 2024]
2025-04-04 09:34:48.439  INFO 28492 --- [search-service] [main] o.apache.catalina.core.StandardService   : Starting service [Tomcat]
2025-04-04 09:34:48.440  INFO 28492 --- [search-service] [main] o.apache.catalina.core.StandardEngine    : Starting Servlet engine: [Apache Tomcat/10.1.36]
2025-04-04 09:34:48.481  INFO 28492 --- [search-service] [main] o.a.c.c.C.[Tomcat].[localhost].[/]       : Initializing Spring embedded WebApplicationContext
2025-04-04 09:34:48.482  INFO 28492 --- [search-service] [main] w.s.c.ServletWebServerApplicationContext : Root WebApplicationContext: initialization completed in 1361 ms
2025-04-04 09:34:48.784  INFO 28492 --- [search-service] [main] c.a.c.sentinel.SentinelWebMvcConfigurer  : [Sentinel Starter] register SentinelWebInterceptor with urlPatterns: [/**].
2025-04-04 09:34:49.951  INFO 28492 --- [search-service] [main] o.s.cloud.commons.util.InetUtils         : Cannot determine local hostname
2025-04-04 09:34:51.073  INFO 28492 --- [search-service] [main] o.s.cloud.commons.util.InetUtils         : Cannot determine local hostname
2025-04-04 09:34:51.172  INFO 28492 --- [search-service] [main] o.s.b.w.embedded.tomcat.TomcatWebServer  : Tomcat started on port 8081 (http) with context path '/'
2025-04-04 09:34:51.176  INFO 28492 --- [search-service] [main] c.a.n.p.a.s.c.ClientAuthPluginManager    : [ClientAuthPluginManager] Load ClientAuthService com.alibaba.nacos.client.auth.impl.NacosClientAuthServiceImpl success.
2025-04-04 09:34:51.176  INFO 28492 --- [search-service] [main] c.a.n.p.a.s.c.ClientAuthPluginManager    : [ClientAuthPluginManager] Load ClientAuthService com.alibaba.nacos.client.auth.ram.RamClientAuthServiceImpl success.
2025-04-04 09:34:51.254  INFO 28492 --- [search-service] [main] c.a.c.n.registry.NacosServiceRegistry    : nacos registry, DEFAULT_GROUP search-service 192.168.0.134:8081 register finished
2025-04-04 09:34:52.257  INFO 28492 --- [search-service] [main] o.s.cloud.commons.util.InetUtils         : Cannot determine local hostname
2025-04-04 09:34:52.264  INFO 28492 --- [search-service] [main] c.smileShark.search.SearchApplication    : Started SearchApplication in 9.265 seconds (process running for 9.765)
2025-04-04 09:34:52.266  INFO 28492 --- [search-service] [main] c.a.c.n.refresh.NacosContextRefresher    : [Nacos Config] Listening config: dataId=shared-seata.yaml, group=DEFAULT_GROUP
2025-04-04 09:34:52.267  INFO 28492 --- [search-service] [main] c.a.c.n.refresh.NacosContextRefresher    : [Nacos Config] Listening config: dataId=shared-sentinel.yaml, group=DEFAULT_GROUP
2025-04-04 09:34:52.267  INFO 28492 --- [search-service] [main] c.a.c.n.refresh.NacosContextRefresher    : [Nacos Config] Listening config: dataId=shared-log.yaml, group=DEFAULT_GROUP
2025-04-04 09:34:52.267  INFO 28492 --- [search-service] [main] c.a.c.n.refresh.NacosContextRefresher    : [Nacos Config] Listening config: dataId=shared-jdbc.yaml, group=DEFAULT_GROUP
2025-04-04 09:35:48.047  INFO 28492 --- [search-service] [timeoutChecker_2_1] o.a.s.c.r.n.NettyClientChannelManager    : will connect to 192.168.0.134:8091
2025-04-04 09:35:48.047  INFO 28492 --- [search-service] [timeoutChecker_2_1] o.a.s.c.rpc.netty.NettyPoolableFactory   : NettyPool create channel to transactionRole:RMROLE,address:192.168.0.134:8091,msg:< RegisterRMRequest{resourceIds='null', version='2.1.0', applicationId='search-service', transactionServiceGroup='shark-tool', extraData='null'} >
2025-04-04 09:35:48.056  INFO 28492 --- [search-service] [timeoutChecker_2_1] o.a.s.c.rpc.netty.RmNettyRemotingClient  : register RM success. client version:2.1.0, server version:1.5.2,channel:[id: 0x968cf8e5, L:/192.168.0.134:33263 - R:/192.168.0.134:8091]
2025-04-04 09:35:48.056  INFO 28492 --- [search-service] [timeoutChecker_2_1] o.a.s.c.rpc.netty.NettyPoolableFactory   : register success, cost 6 ms, version:1.5.2,role:RMROLE,channel:[id: 0x968cf8e5, L:/192.168.0.134:33263 - R:/192.168.0.134:8091]
2025-04-04 11:22:46.950  WARN 28492 --- [search-service] [Thread-6] c.a.n.common.http.HttpClientBeanHolder   : [HttpClientBeanHolder] Start destroying common HttpClient
2025-04-04 11:22:46.950  WARN 28492 --- [search-service] [Thread-8] c.a.nacos.common.notify.NotifyCenter     : [NotifyCenter] Start destroying Publisher
2025-04-04 11:22:46.950  WARN 28492 --- [search-service] [Thread-1] c.a.n.common.executor.ThreadPoolManager  : [ThreadPoolManager] Start destroying ThreadPool
2025-04-04 11:22:46.951  WARN 28492 --- [search-service] [Thread-8] c.a.nacos.common.notify.NotifyCenter     : [NotifyCenter] Destruction of the end
2025-04-04 11:22:46.953  WARN 28492 --- [search-service] [Thread-1] c.a.n.common.executor.ThreadPoolManager  : [ThreadPoolManager] Destruction of the end
2025-04-04 11:22:46.955  WARN 28492 --- [search-service] [Thread-6] c.a.n.common.http.HttpClientBeanHolder   : [HttpClientBeanHolder] Destruction of the end
2025-04-04 11:22:46.959  INFO 28492 --- [search-service] [SpringContextShutdownHook] o.s.b.w.e.tomcat.GracefulShutdown        : Commencing graceful shutdown. Waiting for active requests to complete
2025-04-04 11:22:46.966  INFO 28492 --- [search-service] [tomcat-shutdown] o.s.b.w.e.tomcat.GracefulShutdown        : Graceful shutdown complete
2025-04-04 11:22:46.971  INFO 28492 --- [search-service] [SpringContextShutdownHook] c.a.c.n.registry.NacosServiceRegistry    : De-registering from Nacos Server now...
2025-04-04 11:22:46.980  INFO 28492 --- [search-service] [SpringContextShutdownHook] c.a.c.n.registry.NacosServiceRegistry    : De-registration finished.
2025-04-04 11:22:46.994  INFO 28492 --- [search-service] [NettyClientSelector_TMROLE_1_1] o.a.s.c.r.n.AbstractNettyRemotingClient  : channel inactive: [id: 0x6aec41f2, L:/192.168.0.134:33027 ! R:/192.168.0.134:8091]
2025-04-04 11:22:46.995  INFO 28492 --- [search-service] [NettyClientSelector_RMROLE_1_1] o.a.s.c.r.n.AbstractNettyRemotingClient  : channel inactive: [id: 0x968cf8e5, L:/192.168.0.134:33263 ! R:/192.168.0.134:8091]
2025-04-04 11:22:46.995  INFO 28492 --- [search-service] [NettyClientSelector_TMROLE_1_1] o.a.s.c.r.n.NettyClientChannelManager    : return to pool, rm channel:[id: 0x6aec41f2, L:/192.168.0.134:33027 ! R:/192.168.0.134:8091]
2025-04-04 11:22:46.995  INFO 28492 --- [search-service] [NettyClientSelector_RMROLE_1_1] o.a.s.c.r.n.NettyClientChannelManager    : return to pool, rm channel:[id: 0x968cf8e5, L:/192.168.0.134:33263 ! R:/192.168.0.134:8091]
2025-04-04 11:22:46.995  INFO 28492 --- [search-service] [NettyClientSelector_RMROLE_1_1] o.a.s.c.rpc.netty.NettyPoolableFactory   : channel valid false,channel:[id: 0x968cf8e5, L:/192.168.0.134:33263 ! R:/192.168.0.134:8091]
2025-04-04 11:22:46.995  INFO 28492 --- [search-service] [NettyClientSelector_TMROLE_1_1] o.a.s.c.rpc.netty.NettyPoolableFactory   : channel valid false,channel:[id: 0x6aec41f2, L:/192.168.0.134:33027 ! R:/192.168.0.134:8091]
2025-04-04 11:22:46.995  INFO 28492 --- [search-service] [NettyClientSelector_RMROLE_1_1] o.a.s.c.rpc.netty.NettyPoolableFactory   : will destroy channel:[id: 0x968cf8e5, L:/192.168.0.134:33263 ! R:/192.168.0.134:8091]
2025-04-04 11:22:46.995  INFO 28492 --- [search-service] [NettyClientSelector_TMROLE_1_1] o.a.s.c.rpc.netty.NettyPoolableFactory   : will destroy channel:[id: 0x6aec41f2, L:/192.168.0.134:33027 ! R:/192.168.0.134:8091]
2025-04-04 11:22:46.995  INFO 28492 --- [search-service] [NettyClientSelector_RMROLE_1_1] o.a.s.c.r.n.AbstractNettyRemotingClient  : ChannelHandlerContext(AbstractNettyRemotingClient$ClientHandler#0, [id: 0x968cf8e5, L:/192.168.0.134:33263 ! R:/192.168.0.134:8091]) will closed
2025-04-04 11:22:46.995  INFO 28492 --- [search-service] [NettyClientSelector_TMROLE_1_1] o.a.s.c.r.n.AbstractNettyRemotingClient  : ChannelHandlerContext(AbstractNettyRemotingClient$ClientHandler#0, [id: 0x6aec41f2, L:/192.168.0.134:33027 ! R:/192.168.0.134:8091]) will closed
2025-04-04 11:22:46.995  INFO 28492 --- [search-service] [NettyClientSelector_RMROLE_1_1] o.a.s.c.r.n.AbstractNettyRemotingClient  : ChannelHandlerContext(AbstractNettyRemotingClient$ClientHandler#0, [id: 0x968cf8e5, L:/192.168.0.134:33263 ! R:/192.168.0.134:8091]) will closed
2025-04-04 11:22:46.995  INFO 28492 --- [search-service] [NettyClientSelector_TMROLE_1_1] o.a.s.c.r.n.AbstractNettyRemotingClient  : ChannelHandlerContext(AbstractNettyRemotingClient$ClientHandler#0, [id: 0x6aec41f2, L:/192.168.0.134:33027 ! R:/192.168.0.134:8091]) will closed
