2025-03-27 10:15:19.718  INFO 3548 --- [school-question-server] [main] com.smileShark.user.UserApplication      : Starting UserApplication using Java 22.0.2 with PID 3548 (C:\Users\Public\someProject\school\school\javaServer_AnswerToQuestion\main\user-service\target\classes started by SmileShark in C:\Users\Public\someProject\school\school)
2025-03-27 10:15:19.721 DEBUG 3548 --- [school-question-server] [main] com.smileShark.user.UserApplication      : Running with Spring Boot v3.4.3, Spring v6.2.3
2025-03-27 10:15:19.722  INFO 3548 --- [school-question-server] [main] com.smileShark.user.UserApplication      : No active profile set, falling back to 1 default profile: "default"
2025-03-27 10:15:20.251  INFO 3548 --- [school-question-server] [main] o.s.cloud.context.scope.GenericScope     : BeanFactory id=823035ff-fcb4-360a-8697-c83fc157699d
2025-03-27 10:15:20.513  INFO 3548 --- [school-question-server] [main] o.s.b.w.embedded.tomcat.TomcatWebServer  : Tomcat initialized with port 8084 (http)
2025-03-27 10:15:20.516  INFO 3548 --- [school-question-server] [main] o.a.catalina.core.AprLifecycleListener   : An older version [1.3.1] of the Apache Tomcat Native library is installed, while Tomcat recommends a minimum version of [2.0.5]
2025-03-27 10:15:20.516  INFO 3548 --- [school-question-server] [main] o.a.catalina.core.AprLifecycleListener   : Loaded Apache Tomcat Native library [1.3.1] using APR version [1.7.4].
2025-03-27 10:15:20.518  INFO 3548 --- [school-question-server] [main] o.a.catalina.core.AprLifecycleListener   : OpenSSL successfully initialized [OpenSSL 3.0.14 4 Jun 2024]
2025-03-27 10:15:20.528  INFO 3548 --- [school-question-server] [main] o.apache.catalina.core.StandardService   : Starting service [Tomcat]
2025-03-27 10:15:20.528  INFO 3548 --- [school-question-server] [main] o.apache.catalina.core.StandardEngine    : Starting Servlet engine: [Apache Tomcat/10.1.36]
2025-03-27 10:15:20.565  INFO 3548 --- [school-question-server] [main] o.a.c.c.C.[Tomcat].[localhost].[/]       : Initializing Spring embedded WebApplicationContext
2025-03-27 10:15:20.565  INFO 3548 --- [school-question-server] [main] w.s.c.ServletWebServerApplicationContext : Root WebApplicationContext: initialization completed in 815 ms
2025-03-27 10:15:20.608  WARN 3548 --- [school-question-server] [main] ConfigServletWebServerApplicationContext : Exception encountered during context initialization - cancelling refresh attempt: org.springframework.beans.factory.UnsatisfiedDependencyException: Error creating bean with name 'userServiceImp': Unsatisfied dependency expressed through field 'pythonScript': No qualifying bean of type 'com.smileShark.scripts.script.PythonScript' available: expected at least 1 bean which qualifies as autowire candidate. Dependency annotations: {@org.springframework.beans.factory.annotation.Autowired(required=true)}
2025-03-27 10:15:20.609  INFO 3548 --- [school-question-server] [main] o.apache.catalina.core.StandardService   : Stopping service [Tomcat]
2025-03-27 10:15:20.642  INFO 3548 --- [school-question-server] [main] .s.b.a.l.ConditionEvaluationReportLogger : 

Error starting ApplicationContext. To display the condition evaluation report re-run your application with 'debug' enabled.
2025-03-27 10:15:20.657 ERROR 3548 --- [school-question-server] [main] o.s.b.d.LoggingFailureAnalysisReporter   : 

***************************
APPLICATION FAILED TO START
***************************

Description:

Field pythonScript in com.smileShark.user.service.imp.UserServiceImp required a bean of type 'com.smileShark.scripts.script.PythonScript' that could not be found.

The injection point has the following annotations:
	- @org.springframework.beans.factory.annotation.Autowired(required=true)


Action:

Consider defining a bean of type 'com.smileShark.scripts.script.PythonScript' in your configuration.

2025-03-27 10:16:59.046  INFO 30120 --- [school-question-server] [main] com.smileShark.user.UserApplication      : Starting UserApplication using Java 22.0.2 with PID 30120 (C:\Users\Public\someProject\school\school\javaServer_AnswerToQuestion\main\user-service\target\classes started by SmileShark in C:\Users\Public\someProject\school\school)
2025-03-27 10:16:59.047 DEBUG 30120 --- [school-question-server] [main] com.smileShark.user.UserApplication      : Running with Spring Boot v3.4.3, Spring v6.2.3
2025-03-27 10:16:59.048  INFO 30120 --- [school-question-server] [main] com.smileShark.user.UserApplication      : No active profile set, falling back to 1 default profile: "default"
2025-03-27 10:16:59.563  INFO 30120 --- [school-question-server] [main] o.s.cloud.context.scope.GenericScope     : BeanFactory id=823035ff-fcb4-360a-8697-c83fc157699d
2025-03-27 10:16:59.796  INFO 30120 --- [school-question-server] [main] o.s.b.w.embedded.tomcat.TomcatWebServer  : Tomcat initialized with port 8084 (http)
2025-03-27 10:16:59.798  INFO 30120 --- [school-question-server] [main] o.a.catalina.core.AprLifecycleListener   : An older version [1.3.1] of the Apache Tomcat Native library is installed, while Tomcat recommends a minimum version of [2.0.5]
2025-03-27 10:16:59.798  INFO 30120 --- [school-question-server] [main] o.a.catalina.core.AprLifecycleListener   : Loaded Apache Tomcat Native library [1.3.1] using APR version [1.7.4].
2025-03-27 10:16:59.801  INFO 30120 --- [school-question-server] [main] o.a.catalina.core.AprLifecycleListener   : OpenSSL successfully initialized [OpenSSL 3.0.14 4 Jun 2024]
2025-03-27 10:16:59.809  INFO 30120 --- [school-question-server] [main] o.apache.catalina.core.StandardService   : Starting service [Tomcat]
2025-03-27 10:16:59.810  INFO 30120 --- [school-question-server] [main] o.apache.catalina.core.StandardEngine    : Starting Servlet engine: [Apache Tomcat/10.1.36]
2025-03-27 10:16:59.842  INFO 30120 --- [school-question-server] [main] o.a.c.c.C.[Tomcat].[localhost].[/]       : Initializing Spring embedded WebApplicationContext
2025-03-27 10:16:59.842  INFO 30120 --- [school-question-server] [main] w.s.c.ServletWebServerApplicationContext : Root WebApplicationContext: initialization completed in 763 ms
2025-03-27 10:16:59.881  WARN 30120 --- [school-question-server] [main] ConfigServletWebServerApplicationContext : Exception encountered during context initialization - cancelling refresh attempt: org.springframework.beans.factory.UnsatisfiedDependencyException: Error creating bean with name 'userServiceImp': Unsatisfied dependency expressed through field 'pythonScript': No qualifying bean of type 'com.smileShark.scripts.script.PythonScript' available: expected at least 1 bean which qualifies as autowire candidate. Dependency annotations: {@org.springframework.beans.factory.annotation.Autowired(required=true)}
2025-03-27 10:16:59.882  INFO 30120 --- [school-question-server] [main] o.apache.catalina.core.StandardService   : Stopping service [Tomcat]
2025-03-27 10:16:59.912  INFO 30120 --- [school-question-server] [main] .s.b.a.l.ConditionEvaluationReportLogger : 

Error starting ApplicationContext. To display the condition evaluation report re-run your application with 'debug' enabled.
2025-03-27 10:16:59.924 ERROR 30120 --- [school-question-server] [main] o.s.b.d.LoggingFailureAnalysisReporter   : 

***************************
APPLICATION FAILED TO START
***************************

Description:

Field pythonScript in com.smileShark.user.service.imp.UserServiceImp required a bean of type 'com.smileShark.scripts.script.PythonScript' that could not be found.

The injection point has the following annotations:
	- @org.springframework.beans.factory.annotation.Autowired(required=true)


Action:

Consider defining a bean of type 'com.smileShark.scripts.script.PythonScript' in your configuration.

2025-03-27 10:17:17.735  INFO 27256 --- [school-question-server] [main] com.smileShark.user.UserApplication      : Starting UserApplication using Java 22.0.2 with PID 27256 (C:\Users\Public\someProject\school\school\javaServer_AnswerToQuestion\main\user-service\target\classes started by SmileShark in C:\Users\Public\someProject\school\school)
2025-03-27 10:17:17.736 DEBUG 27256 --- [school-question-server] [main] com.smileShark.user.UserApplication      : Running with Spring Boot v3.4.3, Spring v6.2.3
2025-03-27 10:17:17.738  INFO 27256 --- [school-question-server] [main] com.smileShark.user.UserApplication      : No active profile set, falling back to 1 default profile: "default"
2025-03-27 10:17:18.252  INFO 27256 --- [school-question-server] [main] o.s.cloud.context.scope.GenericScope     : BeanFactory id=823035ff-fcb4-360a-8697-c83fc157699d
2025-03-27 10:17:18.488  INFO 27256 --- [school-question-server] [main] o.s.b.w.embedded.tomcat.TomcatWebServer  : Tomcat initialized with port 8084 (http)
2025-03-27 10:17:18.490  INFO 27256 --- [school-question-server] [main] o.a.catalina.core.AprLifecycleListener   : An older version [1.3.1] of the Apache Tomcat Native library is installed, while Tomcat recommends a minimum version of [2.0.5]
2025-03-27 10:17:18.490  INFO 27256 --- [school-question-server] [main] o.a.catalina.core.AprLifecycleListener   : Loaded Apache Tomcat Native library [1.3.1] using APR version [1.7.4].
2025-03-27 10:17:18.493  INFO 27256 --- [school-question-server] [main] o.a.catalina.core.AprLifecycleListener   : OpenSSL successfully initialized [OpenSSL 3.0.14 4 Jun 2024]
2025-03-27 10:17:18.501  INFO 27256 --- [school-question-server] [main] o.apache.catalina.core.StandardService   : Starting service [Tomcat]
2025-03-27 10:17:18.502  INFO 27256 --- [school-question-server] [main] o.apache.catalina.core.StandardEngine    : Starting Servlet engine: [Apache Tomcat/10.1.36]
2025-03-27 10:17:18.534  INFO 27256 --- [school-question-server] [main] o.a.c.c.C.[Tomcat].[localhost].[/]       : Initializing Spring embedded WebApplicationContext
2025-03-27 10:17:18.534  INFO 27256 --- [school-question-server] [main] w.s.c.ServletWebServerApplicationContext : Root WebApplicationContext: initialization completed in 766 ms
2025-03-27 10:17:18.572  WARN 27256 --- [school-question-server] [main] ConfigServletWebServerApplicationContext : Exception encountered during context initialization - cancelling refresh attempt: org.springframework.beans.factory.UnsatisfiedDependencyException: Error creating bean with name 'userServiceImp': Unsatisfied dependency expressed through field 'pythonScript': No qualifying bean of type 'com.smileShark.scripts.script.PythonScript' available: expected at least 1 bean which qualifies as autowire candidate. Dependency annotations: {@org.springframework.beans.factory.annotation.Autowired(required=true)}
2025-03-27 10:17:18.573  INFO 27256 --- [school-question-server] [main] o.apache.catalina.core.StandardService   : Stopping service [Tomcat]
2025-03-27 10:17:18.606  INFO 27256 --- [school-question-server] [main] .s.b.a.l.ConditionEvaluationReportLogger : 

Error starting ApplicationContext. To display the condition evaluation report re-run your application with 'debug' enabled.
2025-03-27 10:17:18.618 ERROR 27256 --- [school-question-server] [main] o.s.b.d.LoggingFailureAnalysisReporter   : 

***************************
APPLICATION FAILED TO START
***************************

Description:

Field pythonScript in com.smileShark.user.service.imp.UserServiceImp required a bean of type 'com.smileShark.scripts.script.PythonScript' that could not be found.

The injection point has the following annotations:
	- @org.springframework.beans.factory.annotation.Autowired(required=true)


Action:

Consider defining a bean of type 'com.smileShark.scripts.script.PythonScript' in your configuration.

2025-03-27 10:21:49.324  INFO 14972 --- [school-question-server] [main] com.smileShark.user.UserApplication      : Starting UserApplication using Java 22.0.2 with PID 14972 (C:\Users\Public\someProject\school\school\javaServer_AnswerToQuestion\main\user-service\target\classes started by SmileShark in C:\Users\Public\someProject\school\school)
2025-03-27 10:21:49.325 DEBUG 14972 --- [school-question-server] [main] com.smileShark.user.UserApplication      : Running with Spring Boot v3.4.3, Spring v6.2.3
2025-03-27 10:21:49.326  INFO 14972 --- [school-question-server] [main] com.smileShark.user.UserApplication      : No active profile set, falling back to 1 default profile: "default"
2025-03-27 10:21:49.822  INFO 14972 --- [school-question-server] [main] o.s.cloud.context.scope.GenericScope     : BeanFactory id=842d0e1a-5191-31f9-9e80-69b47ab99fb1
2025-03-27 10:21:50.086  INFO 14972 --- [school-question-server] [main] o.s.b.w.embedded.tomcat.TomcatWebServer  : Tomcat initialized with port 8084 (http)
2025-03-27 10:21:50.089  INFO 14972 --- [school-question-server] [main] o.a.catalina.core.AprLifecycleListener   : An older version [1.3.1] of the Apache Tomcat Native library is installed, while Tomcat recommends a minimum version of [2.0.5]
2025-03-27 10:21:50.089  INFO 14972 --- [school-question-server] [main] o.a.catalina.core.AprLifecycleListener   : Loaded Apache Tomcat Native library [1.3.1] using APR version [1.7.4].
2025-03-27 10:21:50.092  INFO 14972 --- [school-question-server] [main] o.a.catalina.core.AprLifecycleListener   : OpenSSL successfully initialized [OpenSSL 3.0.14 4 Jun 2024]
2025-03-27 10:21:50.104  INFO 14972 --- [school-question-server] [main] o.apache.catalina.core.StandardService   : Starting service [Tomcat]
2025-03-27 10:21:50.105  INFO 14972 --- [school-question-server] [main] o.apache.catalina.core.StandardEngine    : Starting Servlet engine: [Apache Tomcat/10.1.36]
2025-03-27 10:21:50.141  INFO 14972 --- [school-question-server] [main] o.a.c.c.C.[Tomcat].[localhost].[/]       : Initializing Spring embedded WebApplicationContext
2025-03-27 10:21:50.141  INFO 14972 --- [school-question-server] [main] w.s.c.ServletWebServerApplicationContext : Root WebApplicationContext: initialization completed in 787 ms
2025-03-27 10:21:50.520  WARN 14972 --- [school-question-server] [main] iguration$LoadBalancerCaffeineWarnLogger : Spring Cloud LoadBalancer is currently working with the default cache. While this cache implementation is useful for development and tests, it's recommended to use Caffeine cache in production.You can switch to using Caffeine cache, by adding it and org.springframework.cache.caffeine.CaffeineCacheManager to the classpath.
2025-03-27 10:21:50.583 ERROR 14972 --- [school-question-server] [main] o.m.spring.mapper.MapperFactoryBean      : Error while adding the mapper 'interface com.smileShark.user.mapper.ChapterMapper' to configuration.

org.apache.ibatis.builder.BuilderException: Error parsing Mapper XML. The XML location is 'com/smileShark/user/mapper/ChapterMapper.xml'. Cause: org.apache.ibatis.builder.BuilderException: Wrong namespace. Expected 'com.smileShark.user.mapper.ChapterMapper' but found 'com.smileShark.mapper.ChapterMapper'.
	at org.apache.ibatis.builder.xml.XMLMapperBuilder.configurationElement(XMLMapperBuilder.java:127) ~[mybatis-3.5.14.jar:3.5.14]
	at org.apache.ibatis.builder.xml.XMLMapperBuilder.parse(XMLMapperBuilder.java:100) ~[mybatis-3.5.14.jar:3.5.14]
	at org.apache.ibatis.builder.annotation.MapperAnnotationBuilder.loadXmlResource(MapperAnnotationBuilder.java:180) ~[mybatis-3.5.14.jar:3.5.14]
	at org.apache.ibatis.builder.annotation.MapperAnnotationBuilder.parse(MapperAnnotationBuilder.java:118) ~[mybatis-3.5.14.jar:3.5.14]
	at org.apache.ibatis.binding.MapperRegistry.addMapper(MapperRegistry.java:72) ~[mybatis-3.5.14.jar:3.5.14]
	at org.apache.ibatis.session.Configuration.addMapper(Configuration.java:895) ~[mybatis-3.5.14.jar:3.5.14]
	at org.mybatis.spring.mapper.MapperFactoryBean.checkDaoConfig(MapperFactoryBean.java:80) ~[mybatis-spring-3.0.3.jar:3.0.3]
	at org.springframework.dao.support.DaoSupport.afterPropertiesSet(DaoSupport.java:44) ~[spring-tx-6.2.3.jar:6.2.3]
	at org.springframework.beans.factory.support.AbstractAutowireCapableBeanFactory.invokeInitMethods(AbstractAutowireCapableBeanFactory.java:1859) ~[spring-beans-6.2.3.jar:6.2.3]
	at org.springframework.beans.factory.support.AbstractAutowireCapableBeanFactory.initializeBean(AbstractAutowireCapableBeanFactory.java:1808) ~[spring-beans-6.2.3.jar:6.2.3]
	at org.springframework.beans.factory.support.AbstractAutowireCapableBeanFactory.doCreateBean(AbstractAutowireCapableBeanFactory.java:601) ~[spring-beans-6.2.3.jar:6.2.3]
	at org.springframework.beans.factory.support.AbstractAutowireCapableBeanFactory.createBean(AbstractAutowireCapableBeanFactory.java:523) ~[spring-beans-6.2.3.jar:6.2.3]
	at org.springframework.beans.factory.support.AbstractBeanFactory.lambda$doGetBean$0(AbstractBeanFactory.java:339) ~[spring-beans-6.2.3.jar:6.2.3]
	at org.springframework.beans.factory.support.DefaultSingletonBeanRegistry.getSingleton(DefaultSingletonBeanRegistry.java:346) ~[spring-beans-6.2.3.jar:6.2.3]
	at org.springframework.beans.factory.support.AbstractBeanFactory.doGetBean(AbstractBeanFactory.java:337) ~[spring-beans-6.2.3.jar:6.2.3]
	at org.springframework.beans.factory.support.AbstractBeanFactory.getBean(AbstractBeanFactory.java:202) ~[spring-beans-6.2.3.jar:6.2.3]
	at org.springframework.beans.factory.support.DefaultListableBeanFactory.instantiateSingleton(DefaultListableBeanFactory.java:1149) ~[spring-beans-6.2.3.jar:6.2.3]
	at org.springframework.beans.factory.support.DefaultListableBeanFactory.preInstantiateSingleton(DefaultListableBeanFactory.java:1121) ~[spring-beans-6.2.3.jar:6.2.3]
	at org.springframework.beans.factory.support.DefaultListableBeanFactory.preInstantiateSingletons(DefaultListableBeanFactory.java:1056) ~[spring-beans-6.2.3.jar:6.2.3]
	at org.springframework.context.support.AbstractApplicationContext.finishBeanFactoryInitialization(AbstractApplicationContext.java:987) ~[spring-context-6.2.3.jar:6.2.3]
	at org.springframework.context.support.AbstractApplicationContext.refresh(AbstractApplicationContext.java:627) ~[spring-context-6.2.3.jar:6.2.3]
	at org.springframework.boot.web.servlet.context.ServletWebServerApplicationContext.refresh(ServletWebServerApplicationContext.java:146) ~[spring-boot-3.4.3.jar:3.4.3]
	at org.springframework.boot.SpringApplication.refresh(SpringApplication.java:752) ~[spring-boot-3.4.3.jar:3.4.3]
	at org.springframework.boot.SpringApplication.refreshContext(SpringApplication.java:439) ~[spring-boot-3.4.3.jar:3.4.3]
	at org.springframework.boot.SpringApplication.run(SpringApplication.java:318) ~[spring-boot-3.4.3.jar:3.4.3]
	at org.springframework.boot.SpringApplication.run(SpringApplication.java:1361) ~[spring-boot-3.4.3.jar:3.4.3]
	at org.springframework.boot.SpringApplication.run(SpringApplication.java:1350) ~[spring-boot-3.4.3.jar:3.4.3]
	at com.smileShark.user.UserApplication.main(UserApplication.java:14) ~[classes/:na]
Caused by: org.apache.ibatis.builder.BuilderException: Wrong namespace. Expected 'com.smileShark.user.mapper.ChapterMapper' but found 'com.smileShark.mapper.ChapterMapper'.
	at org.apache.ibatis.builder.MapperBuilderAssistant.setCurrentNamespace(MapperBuilderAssistant.java:78) ~[mybatis-3.5.14.jar:3.5.14]
	at org.apache.ibatis.builder.xml.XMLMapperBuilder.configurationElement(XMLMapperBuilder.java:119) ~[mybatis-3.5.14.jar:3.5.14]
	... 27 common frames omitted

2025-03-27 10:21:50.585  WARN 14972 --- [school-question-server] [main] ConfigServletWebServerApplicationContext : Exception encountered during context initialization - cancelling refresh attempt: org.springframework.beans.factory.BeanCreationException: Error creating bean with name 'chapterMapper' defined in file [C:\Users\Public\someProject\school\school\javaServer_AnswerToQuestion\main\user-service\target\classes\com\smileShark\user\mapper\ChapterMapper.class]: org.apache.ibatis.builder.BuilderException: Error parsing Mapper XML. The XML location is 'com/smileShark/user/mapper/ChapterMapper.xml'. Cause: org.apache.ibatis.builder.BuilderException: Wrong namespace. Expected 'com.smileShark.user.mapper.ChapterMapper' but found 'com.smileShark.mapper.ChapterMapper'.
2025-03-27 10:21:50.588  INFO 14972 --- [school-question-server] [main] o.apache.catalina.core.StandardService   : Stopping service [Tomcat]
2025-03-27 10:21:50.610  INFO 14972 --- [school-question-server] [main] .s.b.a.l.ConditionEvaluationReportLogger : 

Error starting ApplicationContext. To display the condition evaluation report re-run your application with 'debug' enabled.
2025-03-27 10:21:50.621 ERROR 14972 --- [school-question-server] [main] o.s.boot.SpringApplication               : Application run failed

org.springframework.beans.factory.BeanCreationException: Error creating bean with name 'chapterMapper' defined in file [C:\Users\Public\someProject\school\school\javaServer_AnswerToQuestion\main\user-service\target\classes\com\smileShark\user\mapper\ChapterMapper.class]: org.apache.ibatis.builder.BuilderException: Error parsing Mapper XML. The XML location is 'com/smileShark/user/mapper/ChapterMapper.xml'. Cause: org.apache.ibatis.builder.BuilderException: Wrong namespace. Expected 'com.smileShark.user.mapper.ChapterMapper' but found 'com.smileShark.mapper.ChapterMapper'.
	at org.springframework.beans.factory.support.AbstractAutowireCapableBeanFactory.initializeBean(AbstractAutowireCapableBeanFactory.java:1812) ~[spring-beans-6.2.3.jar:6.2.3]
	at org.springframework.beans.factory.support.AbstractAutowireCapableBeanFactory.doCreateBean(AbstractAutowireCapableBeanFactory.java:601) ~[spring-beans-6.2.3.jar:6.2.3]
	at org.springframework.beans.factory.support.AbstractAutowireCapableBeanFactory.createBean(AbstractAutowireCapableBeanFactory.java:523) ~[spring-beans-6.2.3.jar:6.2.3]
	at org.springframework.beans.factory.support.AbstractBeanFactory.lambda$doGetBean$0(AbstractBeanFactory.java:339) ~[spring-beans-6.2.3.jar:6.2.3]
	at org.springframework.beans.factory.support.DefaultSingletonBeanRegistry.getSingleton(DefaultSingletonBeanRegistry.java:346) ~[spring-beans-6.2.3.jar:6.2.3]
	at org.springframework.beans.factory.support.AbstractBeanFactory.doGetBean(AbstractBeanFactory.java:337) ~[spring-beans-6.2.3.jar:6.2.3]
	at org.springframework.beans.factory.support.AbstractBeanFactory.getBean(AbstractBeanFactory.java:202) ~[spring-beans-6.2.3.jar:6.2.3]
	at org.springframework.beans.factory.support.DefaultListableBeanFactory.instantiateSingleton(DefaultListableBeanFactory.java:1149) ~[spring-beans-6.2.3.jar:6.2.3]
	at org.springframework.beans.factory.support.DefaultListableBeanFactory.preInstantiateSingleton(DefaultListableBeanFactory.java:1121) ~[spring-beans-6.2.3.jar:6.2.3]
	at org.springframework.beans.factory.support.DefaultListableBeanFactory.preInstantiateSingletons(DefaultListableBeanFactory.java:1056) ~[spring-beans-6.2.3.jar:6.2.3]
	at org.springframework.context.support.AbstractApplicationContext.finishBeanFactoryInitialization(AbstractApplicationContext.java:987) ~[spring-context-6.2.3.jar:6.2.3]
	at org.springframework.context.support.AbstractApplicationContext.refresh(AbstractApplicationContext.java:627) ~[spring-context-6.2.3.jar:6.2.3]
	at org.springframework.boot.web.servlet.context.ServletWebServerApplicationContext.refresh(ServletWebServerApplicationContext.java:146) ~[spring-boot-3.4.3.jar:3.4.3]
	at org.springframework.boot.SpringApplication.refresh(SpringApplication.java:752) ~[spring-boot-3.4.3.jar:3.4.3]
	at org.springframework.boot.SpringApplication.refreshContext(SpringApplication.java:439) ~[spring-boot-3.4.3.jar:3.4.3]
	at org.springframework.boot.SpringApplication.run(SpringApplication.java:318) ~[spring-boot-3.4.3.jar:3.4.3]
	at org.springframework.boot.SpringApplication.run(SpringApplication.java:1361) ~[spring-boot-3.4.3.jar:3.4.3]
	at org.springframework.boot.SpringApplication.run(SpringApplication.java:1350) ~[spring-boot-3.4.3.jar:3.4.3]
	at com.smileShark.user.UserApplication.main(UserApplication.java:14) ~[classes/:na]
Caused by: java.lang.IllegalArgumentException: org.apache.ibatis.builder.BuilderException: Error parsing Mapper XML. The XML location is 'com/smileShark/user/mapper/ChapterMapper.xml'. Cause: org.apache.ibatis.builder.BuilderException: Wrong namespace. Expected 'com.smileShark.user.mapper.ChapterMapper' but found 'com.smileShark.mapper.ChapterMapper'.
	at org.mybatis.spring.mapper.MapperFactoryBean.checkDaoConfig(MapperFactoryBean.java:83) ~[mybatis-spring-3.0.3.jar:3.0.3]
	at org.springframework.dao.support.DaoSupport.afterPropertiesSet(DaoSupport.java:44) ~[spring-tx-6.2.3.jar:6.2.3]
	at org.springframework.beans.factory.support.AbstractAutowireCapableBeanFactory.invokeInitMethods(AbstractAutowireCapableBeanFactory.java:1859) ~[spring-beans-6.2.3.jar:6.2.3]
	at org.springframework.beans.factory.support.AbstractAutowireCapableBeanFactory.initializeBean(AbstractAutowireCapableBeanFactory.java:1808) ~[spring-beans-6.2.3.jar:6.2.3]
	... 18 common frames omitted
Caused by: org.apache.ibatis.builder.BuilderException: Error parsing Mapper XML. The XML location is 'com/smileShark/user/mapper/ChapterMapper.xml'. Cause: org.apache.ibatis.builder.BuilderException: Wrong namespace. Expected 'com.smileShark.user.mapper.ChapterMapper' but found 'com.smileShark.mapper.ChapterMapper'.
	at org.apache.ibatis.builder.xml.XMLMapperBuilder.configurationElement(XMLMapperBuilder.java:127) ~[mybatis-3.5.14.jar:3.5.14]
	at org.apache.ibatis.builder.xml.XMLMapperBuilder.parse(XMLMapperBuilder.java:100) ~[mybatis-3.5.14.jar:3.5.14]
	at org.apache.ibatis.builder.annotation.MapperAnnotationBuilder.loadXmlResource(MapperAnnotationBuilder.java:180) ~[mybatis-3.5.14.jar:3.5.14]
	at org.apache.ibatis.builder.annotation.MapperAnnotationBuilder.parse(MapperAnnotationBuilder.java:118) ~[mybatis-3.5.14.jar:3.5.14]
	at org.apache.ibatis.binding.MapperRegistry.addMapper(MapperRegistry.java:72) ~[mybatis-3.5.14.jar:3.5.14]
	at org.apache.ibatis.session.Configuration.addMapper(Configuration.java:895) ~[mybatis-3.5.14.jar:3.5.14]
	at org.mybatis.spring.mapper.MapperFactoryBean.checkDaoConfig(MapperFactoryBean.java:80) ~[mybatis-spring-3.0.3.jar:3.0.3]
	... 21 common frames omitted
Caused by: org.apache.ibatis.builder.BuilderException: Wrong namespace. Expected 'com.smileShark.user.mapper.ChapterMapper' but found 'com.smileShark.mapper.ChapterMapper'.
	at org.apache.ibatis.builder.MapperBuilderAssistant.setCurrentNamespace(MapperBuilderAssistant.java:78) ~[mybatis-3.5.14.jar:3.5.14]
	at org.apache.ibatis.builder.xml.XMLMapperBuilder.configurationElement(XMLMapperBuilder.java:119) ~[mybatis-3.5.14.jar:3.5.14]
	... 27 common frames omitted

2025-03-27 10:23:17.073  INFO 4544 --- [school-question-server] [main] com.smileShark.user.UserApplication      : Starting UserApplication using Java 22.0.2 with PID 4544 (C:\Users\Public\someProject\school\school\javaServer_AnswerToQuestion\main\user-service\target\classes started by SmileShark in C:\Users\Public\someProject\school\school)
2025-03-27 10:23:17.073 DEBUG 4544 --- [school-question-server] [main] com.smileShark.user.UserApplication      : Running with Spring Boot v3.4.3, Spring v6.2.3
2025-03-27 10:23:17.074  INFO 4544 --- [school-question-server] [main] com.smileShark.user.UserApplication      : No active profile set, falling back to 1 default profile: "default"
2025-03-27 10:23:17.650  INFO 4544 --- [school-question-server] [main] o.s.cloud.context.scope.GenericScope     : BeanFactory id=842d0e1a-5191-31f9-9e80-69b47ab99fb1
2025-03-27 10:23:17.888  INFO 4544 --- [school-question-server] [main] o.s.b.w.embedded.tomcat.TomcatWebServer  : Tomcat initialized with port 8084 (http)
2025-03-27 10:23:17.890  INFO 4544 --- [school-question-server] [main] o.a.catalina.core.AprLifecycleListener   : An older version [1.3.1] of the Apache Tomcat Native library is installed, while Tomcat recommends a minimum version of [2.0.5]
2025-03-27 10:23:17.891  INFO 4544 --- [school-question-server] [main] o.a.catalina.core.AprLifecycleListener   : Loaded Apache Tomcat Native library [1.3.1] using APR version [1.7.4].
2025-03-27 10:23:17.893  INFO 4544 --- [school-question-server] [main] o.a.catalina.core.AprLifecycleListener   : OpenSSL successfully initialized [OpenSSL 3.0.14 4 Jun 2024]
2025-03-27 10:23:17.901  INFO 4544 --- [school-question-server] [main] o.apache.catalina.core.StandardService   : Starting service [Tomcat]
2025-03-27 10:23:17.901  INFO 4544 --- [school-question-server] [main] o.apache.catalina.core.StandardEngine    : Starting Servlet engine: [Apache Tomcat/10.1.36]
2025-03-27 10:23:17.933  INFO 4544 --- [school-question-server] [main] o.a.c.c.C.[Tomcat].[localhost].[/]       : Initializing Spring embedded WebApplicationContext
2025-03-27 10:23:17.934  INFO 4544 --- [school-question-server] [main] w.s.c.ServletWebServerApplicationContext : Root WebApplicationContext: initialization completed in 829 ms
2025-03-27 10:23:18.277  WARN 4544 --- [school-question-server] [main] iguration$LoadBalancerCaffeineWarnLogger : Spring Cloud LoadBalancer is currently working with the default cache. While this cache implementation is useful for development and tests, it's recommended to use Caffeine cache in production.You can switch to using Caffeine cache, by adding it and org.springframework.cache.caffeine.CaffeineCacheManager to the classpath.
2025-03-27 10:23:18.397  INFO 4544 --- [school-question-server] [main] o.s.b.w.embedded.tomcat.TomcatWebServer  : Tomcat started on port 8084 (http) with context path '/'
2025-03-27 10:23:18.406  INFO 4544 --- [school-question-server] [main] com.smileShark.user.UserApplication      : Started UserApplication in 1.661 seconds (process running for 2.096)
2025-03-27 10:24:40.968  INFO 4544 --- [school-question-server] [SpringApplicationShutdownHook] o.s.b.w.e.tomcat.GracefulShutdown        : Commencing graceful shutdown. Waiting for active requests to complete
2025-03-27 10:24:40.973  INFO 4544 --- [school-question-server] [tomcat-shutdown] o.s.b.w.e.tomcat.GracefulShutdown        : Graceful shutdown complete
2025-03-27 10:24:45.480  INFO 29780 --- [school-question-server] [main] c.a.nacos.client.logging.NacosLogging    : Nacos Logging Adapter Builder: com.alibaba.nacos.logger.adapter.logback12.LogbackNacosLoggingAdapterBuilder
2025-03-27 10:24:45.484  INFO 29780 --- [school-question-server] [main] c.a.nacos.client.logging.NacosLogging    : Nacos Logging Adapter Builder: com.alibaba.nacos.logger.adapter.logback14.LogbackNacosLoggingAdapterBuilder
2025-03-27 10:24:45.485  INFO 29780 --- [school-question-server] [main] c.a.nacos.client.logging.NacosLogging    : Nacos Logging Adapter: com.alibaba.nacos.logger.adapter.logback14.LogbackNacosLoggingAdapter match ch.qos.logback.classic.Logger success.
2025-03-27 10:24:45.490  INFO 29780 --- [school-question-server] [main] c.a.nacos.client.logging.NacosLogging    : Nacos Logging Adapter Builder: com.alibaba.nacos.logger.adapter.log4j2.Log4j2NacosLoggingAdapterBuilder
2025-03-27 10:24:45.619  INFO 29780 --- [school-question-server] [main] com.smileShark.user.UserApplication      : Starting UserApplication using Java 22.0.2 with PID 29780 (C:\Users\Public\someProject\school\school\javaServer_AnswerToQuestion\main\user-service\target\classes started by SmileShark in C:\Users\Public\someProject\school\school)
2025-03-27 10:24:45.619 DEBUG 29780 --- [school-question-server] [main] com.smileShark.user.UserApplication      : Running with Spring Boot v3.4.3, Spring v6.2.3
2025-03-27 10:24:45.619  INFO 29780 --- [school-question-server] [main] com.smileShark.user.UserApplication      : No active profile set, falling back to 1 default profile: "default"
2025-03-27 10:24:46.137  INFO 29780 --- [school-question-server] [main] o.s.cloud.context.scope.GenericScope     : BeanFactory id=89f25942-5b85-3819-9ac3-9fa09cc4dfc1
2025-03-27 10:24:46.411  INFO 29780 --- [school-question-server] [main] o.s.b.w.embedded.tomcat.TomcatWebServer  : Tomcat initialized with port 8084 (http)
2025-03-27 10:24:46.414  INFO 29780 --- [school-question-server] [main] o.a.catalina.core.AprLifecycleListener   : An older version [1.3.1] of the Apache Tomcat Native library is installed, while Tomcat recommends a minimum version of [2.0.5]
2025-03-27 10:24:46.414  INFO 29780 --- [school-question-server] [main] o.a.catalina.core.AprLifecycleListener   : Loaded Apache Tomcat Native library [1.3.1] using APR version [1.7.4].
2025-03-27 10:24:46.416  INFO 29780 --- [school-question-server] [main] o.a.catalina.core.AprLifecycleListener   : OpenSSL successfully initialized [OpenSSL 3.0.14 4 Jun 2024]
2025-03-27 10:24:46.425  INFO 29780 --- [school-question-server] [main] o.apache.catalina.core.StandardService   : Starting service [Tomcat]
2025-03-27 10:24:46.426  INFO 29780 --- [school-question-server] [main] o.apache.catalina.core.StandardEngine    : Starting Servlet engine: [Apache Tomcat/10.1.36]
2025-03-27 10:24:46.463  INFO 29780 --- [school-question-server] [main] o.a.c.c.C.[Tomcat].[localhost].[/]       : Initializing Spring embedded WebApplicationContext
2025-03-27 10:24:46.463  INFO 29780 --- [school-question-server] [main] w.s.c.ServletWebServerApplicationContext : Root WebApplicationContext: initialization completed in 807 ms
2025-03-27 10:24:46.890  WARN 29780 --- [school-question-server] [main] iguration$LoadBalancerCaffeineWarnLogger : Spring Cloud LoadBalancer is currently working with the default cache. While this cache implementation is useful for development and tests, it's recommended to use Caffeine cache in production.You can switch to using Caffeine cache, by adding it and org.springframework.cache.caffeine.CaffeineCacheManager to the classpath.
2025-03-27 10:24:47.003  INFO 29780 --- [school-question-server] [main] o.s.b.w.embedded.tomcat.TomcatWebServer  : Tomcat started on port 8084 (http) with context path '/'
2025-03-27 10:24:47.032  INFO 29780 --- [school-question-server] [main] c.a.n.p.a.s.c.ClientAuthPluginManager    : [ClientAuthPluginManager] Load ClientAuthService com.alibaba.nacos.client.auth.impl.NacosClientAuthServiceImpl success.
2025-03-27 10:24:47.032  INFO 29780 --- [school-question-server] [main] c.a.n.p.a.s.c.ClientAuthPluginManager    : [ClientAuthPluginManager] Load ClientAuthService com.alibaba.nacos.client.auth.ram.RamClientAuthServiceImpl success.
2025-03-27 10:24:47.496  INFO 29780 --- [school-question-server] [main] c.a.n.c.a.AbstractAbilityControlManager  : Ready to get current node abilities...
2025-03-27 10:24:47.497  INFO 29780 --- [school-question-server] [main] c.a.n.c.a.AbstractAbilityControlManager  : Ready to initialize current node abilities, support modes: [SDK_CLIENT]
2025-03-27 10:24:47.497  INFO 29780 --- [school-question-server] [main] c.a.n.c.a.AbstractAbilityControlManager  : Initialize current abilities finish...
2025-03-27 10:24:47.497  INFO 29780 --- [school-question-server] [main] c.a.n.c.a.d.NacosAbilityManagerHolder    : [AbilityControlManager] Successfully initialize AbilityControlManager
2025-03-27 10:24:47.526  INFO 29780 --- [school-question-server] [main] c.a.c.n.registry.NacosServiceRegistry    : nacos registry, DEFAULT_GROUP school-question-server 192.168.24.196:8084 register finished
2025-03-27 10:24:47.535  INFO 29780 --- [school-question-server] [main] com.smileShark.user.UserApplication      : Started UserApplication in 2.363 seconds (process running for 2.893)
2025-03-27 10:25:06.002  WARN 29780 --- [school-question-server] [Thread-2] c.a.n.common.executor.ThreadPoolManager  : [ThreadPoolManager] Start destroying ThreadPool
2025-03-27 10:25:06.003  WARN 29780 --- [school-question-server] [Thread-16] c.a.nacos.common.notify.NotifyCenter     : [NotifyCenter] Start destroying Publisher
2025-03-27 10:25:06.003  WARN 29780 --- [school-question-server] [Thread-18] c.a.n.common.http.HttpClientBeanHolder   : [HttpClientBeanHolder] Start destroying common HttpClient
2025-03-27 10:25:06.003  WARN 29780 --- [school-question-server] [Thread-16] c.a.nacos.common.notify.NotifyCenter     : [NotifyCenter] Destruction of the end
2025-03-27 10:25:06.003  WARN 29780 --- [school-question-server] [Thread-2] c.a.n.common.executor.ThreadPoolManager  : [ThreadPoolManager] Destruction of the end
2025-03-27 10:25:06.003  WARN 29780 --- [school-question-server] [Thread-18] c.a.n.common.http.HttpClientBeanHolder   : [HttpClientBeanHolder] Destruction of the end
2025-03-27 10:25:06.004  INFO 29780 --- [school-question-server] [SpringApplicationShutdownHook] o.s.b.w.e.tomcat.GracefulShutdown        : Commencing graceful shutdown. Waiting for active requests to complete
2025-03-27 10:25:06.009  INFO 29780 --- [school-question-server] [tomcat-shutdown] o.s.b.w.e.tomcat.GracefulShutdown        : Graceful shutdown complete
2025-03-27 10:25:06.012  INFO 29780 --- [school-question-server] [SpringApplicationShutdownHook] c.a.c.n.registry.NacosServiceRegistry    : De-registering from Nacos Server now...
2025-03-27 10:25:06.017  INFO 29780 --- [school-question-server] [SpringApplicationShutdownHook] c.a.c.n.registry.NacosServiceRegistry    : De-registration finished.
