2025-04-04 08:51:47.809  INFO 29680 --- [gateway] [main] c.a.c.n.c.NacosConfigDataLoader          : [Nacos Config] Load config[dataId=shared-log.yaml, group=DEFAULT_GROUP] success
2025-04-04 08:51:49.106  INFO 29680 --- [gateway] [main] c.c.c.ConfigServicePropertySourceLocator : Fetching config from server at : http://localhost:8888
2025-04-04 08:51:49.133  INFO 29680 --- [gateway] [main] c.c.c.ConfigServicePropertySourceLocator : Exception on Url - http://localhost:8888:org.springframework.web.client.ResourceAccessException: I/O error on GET request for "http://localhost:8888/gateway/dev": Connection refused: getsockopt. Will be trying the next url if available
2025-04-04 08:51:49.133  WARN 29680 --- [gateway] [main] c.c.c.ConfigServicePropertySourceLocator : Could not locate PropertySource: I/O error on GET request for "http://localhost:8888/gateway/dev": Connection refused: getsockopt
2025-04-04 08:51:49.139  INFO 29680 --- [gateway] [main] c.smileShark.gateway.GateWayApplication  : The following 1 profile is active: "dev"
2025-04-04 08:51:49.145  INFO 29680 --- [gateway] [main] c.a.c.n.c.NacosConfigDataLoader          : [Nacos Config] Load config[dataId=shared-log.yaml, group=DEFAULT_GROUP] success
2025-04-04 08:51:49.637  INFO 29680 --- [gateway] [main] o.s.cloud.context.scope.GenericScope     : BeanFactory id=98b5b704-d85d-3d02-9c06-4485f7da37db
2025-04-04 08:51:49.646  WARN 29680 --- [gateway] [main] trationDelegate$BeanPostProcessorChecker : Bean 'com.alibaba.cloud.nacos.NacosConfigAutoConfiguration' of type [com.alibaba.cloud.nacos.NacosConfigAutoConfiguration] is not eligible for getting processed by all BeanPostProcessors (for example: not eligible for auto-proxying). The currently created BeanPostProcessor [nacosAnnotationProcessor] is declared through a non-static factory method on that class; consider declaring it as static instead.
2025-04-04 08:51:49.949  INFO 29680 --- [gateway] [main] o.s.b.w.embedded.tomcat.TomcatWebServer  : Tomcat initialized with port 8080 (http)
2025-04-04 08:51:49.951  INFO 29680 --- [gateway] [main] o.a.catalina.core.AprLifecycleListener   : An older version [1.3.1] of the Apache Tomcat Native library is installed, while Tomcat recommends a minimum version of [2.0.5]
2025-04-04 08:51:49.952  INFO 29680 --- [gateway] [main] o.a.catalina.core.AprLifecycleListener   : Loaded Apache Tomcat Native library [1.3.1] using APR version [1.7.4].
2025-04-04 08:51:49.956  INFO 29680 --- [gateway] [main] o.a.catalina.core.AprLifecycleListener   : OpenSSL successfully initialized [OpenSSL 3.0.14 4 Jun 2024]
2025-04-04 08:51:49.965  INFO 29680 --- [gateway] [main] o.apache.catalina.core.StandardService   : Starting service [Tomcat]
2025-04-04 08:51:49.965  INFO 29680 --- [gateway] [main] o.apache.catalina.core.StandardEngine    : Starting Servlet engine: [Apache Tomcat/10.1.36]
2025-04-04 08:51:50.046 DEBUG 29680 --- [gateway] [main] c.s.gateway.routers.DynamicRouteLoader   : 更新路由配置[
    {
        "id":"search",
        "uri":"lb://search-service",
        "predicates":[
            {
                "name":"Path",
                "args":{
                    "_genkey_0":"/search/**"
                }
            }
        ]
    },
    {
        "id":"answerQuestion",
        "uri":"lb://answer-question-service",
        "predicates":[
            {
                "name":"Path",
                "args":{
                    "_genkey_0":"/answerQuestion/**"
                }
            }
        ]
    },
    {
        "id": "user",
        "uri": "lb://user-service",
        "predicates": [
            {
                "name": "Path",
                "args": {
                    "_genkey_0": "/user/**"
                }
            }
        ]
    }
]
2025-04-04 08:51:50.516  INFO 29680 --- [gateway] [main] o.s.c.g.r.RouteDefinitionRouteLocator    : Loaded RoutePredicateFactory [After]
2025-04-04 08:51:50.516  INFO 29680 --- [gateway] [main] o.s.c.g.r.RouteDefinitionRouteLocator    : Loaded RoutePredicateFactory [Before]
2025-04-04 08:51:50.516  INFO 29680 --- [gateway] [main] o.s.c.g.r.RouteDefinitionRouteLocator    : Loaded RoutePredicateFactory [Between]
2025-04-04 08:51:50.516  INFO 29680 --- [gateway] [main] o.s.c.g.r.RouteDefinitionRouteLocator    : Loaded RoutePredicateFactory [Cookie]
2025-04-04 08:51:50.516  INFO 29680 --- [gateway] [main] o.s.c.g.r.RouteDefinitionRouteLocator    : Loaded RoutePredicateFactory [Header]
2025-04-04 08:51:50.516  INFO 29680 --- [gateway] [main] o.s.c.g.r.RouteDefinitionRouteLocator    : Loaded RoutePredicateFactory [Host]
2025-04-04 08:51:50.516  INFO 29680 --- [gateway] [main] o.s.c.g.r.RouteDefinitionRouteLocator    : Loaded RoutePredicateFactory [Method]
2025-04-04 08:51:50.516  INFO 29680 --- [gateway] [main] o.s.c.g.r.RouteDefinitionRouteLocator    : Loaded RoutePredicateFactory [Path]
2025-04-04 08:51:50.516  INFO 29680 --- [gateway] [main] o.s.c.g.r.RouteDefinitionRouteLocator    : Loaded RoutePredicateFactory [Query]
2025-04-04 08:51:50.516  INFO 29680 --- [gateway] [main] o.s.c.g.r.RouteDefinitionRouteLocator    : Loaded RoutePredicateFactory [ReadBody]
2025-04-04 08:51:50.516  INFO 29680 --- [gateway] [main] o.s.c.g.r.RouteDefinitionRouteLocator    : Loaded RoutePredicateFactory [RemoteAddr]
2025-04-04 08:51:50.516  INFO 29680 --- [gateway] [main] o.s.c.g.r.RouteDefinitionRouteLocator    : Loaded RoutePredicateFactory [XForwardedRemoteAddr]
2025-04-04 08:51:50.516  INFO 29680 --- [gateway] [main] o.s.c.g.r.RouteDefinitionRouteLocator    : Loaded RoutePredicateFactory [Weight]
2025-04-04 08:51:50.516  INFO 29680 --- [gateway] [main] o.s.c.g.r.RouteDefinitionRouteLocator    : Loaded RoutePredicateFactory [CloudFoundryRouteService]
2025-04-04 08:51:50.587 DEBUG 29680 --- [gateway] [main] c.s.gateway.routers.DynamicRouteLoader   : 路由配置更新完成
2025-04-04 08:51:51.626  INFO 29680 --- [gateway] [main] o.s.cloud.commons.util.InetUtils         : Cannot determine local hostname
2025-04-04 08:51:52.637  INFO 29680 --- [gateway] [main] o.s.cloud.commons.util.InetUtils         : Cannot determine local hostname
2025-04-04 08:51:52.727  INFO 29680 --- [gateway] [main] c.a.c.s.SentinelWebFluxAutoConfiguration : [Sentinel Starter] register Sentinel SentinelWebFluxFilter
2025-04-04 08:51:53.758  INFO 29680 --- [gateway] [main] o.s.cloud.commons.util.InetUtils         : Cannot determine local hostname
2025-04-04 08:51:53.814  WARN 29680 --- [gateway] [main] iguration$LoadBalancerCaffeineWarnLogger : Spring Cloud LoadBalancer is currently working with the default cache. While this cache implementation is useful for development and tests, it's recommended to use Caffeine cache in production.You can switch to using Caffeine cache, by adding it and org.springframework.cache.caffeine.CaffeineCacheManager to the classpath.
2025-04-04 08:51:53.868  INFO 29680 --- [gateway] [main] o.s.b.w.embedded.tomcat.TomcatWebServer  : Tomcat started on port 8080 (http)
2025-04-04 08:51:54.881  INFO 29680 --- [gateway] [main] o.s.cloud.commons.util.InetUtils         : Cannot determine local hostname
2025-04-04 08:51:55.892  INFO 29680 --- [gateway] [main] o.s.cloud.commons.util.InetUtils         : Cannot determine local hostname
2025-04-04 08:51:55.903  INFO 29680 --- [gateway] [main] c.a.n.p.a.s.c.ClientAuthPluginManager    : [ClientAuthPluginManager] Load ClientAuthService com.alibaba.nacos.client.auth.impl.NacosClientAuthServiceImpl success.
2025-04-04 08:51:55.903  INFO 29680 --- [gateway] [main] c.a.n.p.a.s.c.ClientAuthPluginManager    : [ClientAuthPluginManager] Load ClientAuthService com.alibaba.nacos.client.auth.ram.RamClientAuthServiceImpl success.
2025-04-04 08:51:55.998  INFO 29680 --- [gateway] [main] c.a.c.n.registry.NacosServiceRegistry    : nacos registry, DEFAULT_GROUP gateway 169.254.172.160:8080 register finished
2025-04-04 08:51:56.009  INFO 29680 --- [gateway] [main] c.smileShark.gateway.GateWayApplication  : Started GateWayApplication in 10.792 seconds (process running for 11.341)
2025-04-04 08:51:56.011  INFO 29680 --- [gateway] [main] c.a.c.n.refresh.NacosContextRefresher    : [Nacos Config] Listening config: dataId=shared-log.yaml, group=DEFAULT_GROUP
2025-04-04 09:34:37.725  WARN 29680 --- [gateway] [Thread-6] c.a.n.common.http.HttpClientBeanHolder   : [HttpClientBeanHolder] Start destroying common HttpClient
2025-04-04 09:34:37.725  WARN 29680 --- [gateway] [Thread-8] c.a.nacos.common.notify.NotifyCenter     : [NotifyCenter] Start destroying Publisher
2025-04-04 09:34:37.725  WARN 29680 --- [gateway] [Thread-1] c.a.n.common.executor.ThreadPoolManager  : [ThreadPoolManager] Start destroying ThreadPool
2025-04-04 09:34:37.726  WARN 29680 --- [gateway] [Thread-8] c.a.nacos.common.notify.NotifyCenter     : [NotifyCenter] Destruction of the end
2025-04-04 09:34:37.726  WARN 29680 --- [gateway] [Thread-1] c.a.n.common.executor.ThreadPoolManager  : [ThreadPoolManager] Destruction of the end
2025-04-04 09:34:37.726  WARN 29680 --- [gateway] [Thread-6] c.a.n.common.http.HttpClientBeanHolder   : [HttpClientBeanHolder] Destruction of the end
2025-04-04 09:34:37.729  INFO 29680 --- [gateway] [SpringApplicationShutdownHook] o.s.b.w.e.tomcat.GracefulShutdown        : Commencing graceful shutdown. Waiting for active requests to complete
2025-04-04 09:34:37.736  INFO 29680 --- [gateway] [tomcat-shutdown] o.s.b.w.e.tomcat.GracefulShutdown        : Graceful shutdown complete
2025-04-04 09:34:37.755  INFO 29680 --- [gateway] [SpringApplicationShutdownHook] c.a.c.n.registry.NacosServiceRegistry    : De-registering from Nacos Server now...
2025-04-04 09:34:37.764  INFO 29680 --- [gateway] [SpringApplicationShutdownHook] c.a.c.n.registry.NacosServiceRegistry    : De-registration finished.
2025-04-04 09:34:46.986  INFO 20672 --- [gateway] [main] c.a.c.n.c.NacosConfigDataLoader          : [Nacos Config] Load config[dataId=shared-log.yaml, group=DEFAULT_GROUP] success
2025-04-04 09:34:48.267  INFO 20672 --- [gateway] [main] c.c.c.ConfigServicePropertySourceLocator : Fetching config from server at : http://localhost:8888
2025-04-04 09:34:48.299  INFO 20672 --- [gateway] [main] c.c.c.ConfigServicePropertySourceLocator : Exception on Url - http://localhost:8888:org.springframework.web.client.ResourceAccessException: I/O error on GET request for "http://localhost:8888/gateway/dev": Connection refused: getsockopt. Will be trying the next url if available
2025-04-04 09:34:48.299  WARN 20672 --- [gateway] [main] c.c.c.ConfigServicePropertySourceLocator : Could not locate PropertySource: I/O error on GET request for "http://localhost:8888/gateway/dev": Connection refused: getsockopt
2025-04-04 09:34:48.307  INFO 20672 --- [gateway] [main] c.smileShark.gateway.GateWayApplication  : The following 1 profile is active: "dev"
2025-04-04 09:34:48.316  INFO 20672 --- [gateway] [main] c.a.c.n.c.NacosConfigDataLoader          : [Nacos Config] Load config[dataId=shared-log.yaml, group=DEFAULT_GROUP] success
2025-04-04 09:34:48.854  INFO 20672 --- [gateway] [main] o.s.cloud.context.scope.GenericScope     : BeanFactory id=98b5b704-d85d-3d02-9c06-4485f7da37db
2025-04-04 09:34:48.865  WARN 20672 --- [gateway] [main] trationDelegate$BeanPostProcessorChecker : Bean 'com.alibaba.cloud.nacos.NacosConfigAutoConfiguration' of type [com.alibaba.cloud.nacos.NacosConfigAutoConfiguration] is not eligible for getting processed by all BeanPostProcessors (for example: not eligible for auto-proxying). The currently created BeanPostProcessor [nacosAnnotationProcessor] is declared through a non-static factory method on that class; consider declaring it as static instead.
2025-04-04 09:34:49.129  INFO 20672 --- [gateway] [main] o.s.b.w.embedded.tomcat.TomcatWebServer  : Tomcat initialized with port 8080 (http)
2025-04-04 09:34:49.131  INFO 20672 --- [gateway] [main] o.a.catalina.core.AprLifecycleListener   : An older version [1.3.1] of the Apache Tomcat Native library is installed, while Tomcat recommends a minimum version of [2.0.5]
2025-04-04 09:34:49.131  INFO 20672 --- [gateway] [main] o.a.catalina.core.AprLifecycleListener   : Loaded Apache Tomcat Native library [1.3.1] using APR version [1.7.4].
2025-04-04 09:34:49.133  INFO 20672 --- [gateway] [main] o.a.catalina.core.AprLifecycleListener   : OpenSSL successfully initialized [OpenSSL 3.0.14 4 Jun 2024]
2025-04-04 09:34:49.142  INFO 20672 --- [gateway] [main] o.apache.catalina.core.StandardService   : Starting service [Tomcat]
2025-04-04 09:34:49.143  INFO 20672 --- [gateway] [main] o.apache.catalina.core.StandardEngine    : Starting Servlet engine: [Apache Tomcat/10.1.36]
2025-04-04 09:34:49.213 DEBUG 20672 --- [gateway] [main] c.s.gateway.routers.DynamicRouteLoader   : 更新路由配置[
    {
        "id":"search",
        "uri":"lb://search-service",
        "predicates":[
            {
                "name":"Path",
                "args":{
                    "_genkey_0":"/search/**"
                }
            }
        ]
    },
    {
        "id":"answerQuestion",
        "uri":"lb://answer-question-service",
        "predicates":[
            {
                "name":"Path",
                "args":{
                    "_genkey_0":"/answerQuestion/**"
                }
            }
        ]
    },
    {
        "id": "user",
        "uri": "lb://user-service",
        "predicates": [
            {
                "name": "Path",
                "args": {
                    "_genkey_0": "/user/**"
                }
            }
        ]
    }
]
2025-04-04 09:34:49.602  INFO 20672 --- [gateway] [main] o.s.c.g.r.RouteDefinitionRouteLocator    : Loaded RoutePredicateFactory [After]
2025-04-04 09:34:49.602  INFO 20672 --- [gateway] [main] o.s.c.g.r.RouteDefinitionRouteLocator    : Loaded RoutePredicateFactory [Before]
2025-04-04 09:34:49.602  INFO 20672 --- [gateway] [main] o.s.c.g.r.RouteDefinitionRouteLocator    : Loaded RoutePredicateFactory [Between]
2025-04-04 09:34:49.602  INFO 20672 --- [gateway] [main] o.s.c.g.r.RouteDefinitionRouteLocator    : Loaded RoutePredicateFactory [Cookie]
2025-04-04 09:34:49.602  INFO 20672 --- [gateway] [main] o.s.c.g.r.RouteDefinitionRouteLocator    : Loaded RoutePredicateFactory [Header]
2025-04-04 09:34:49.602  INFO 20672 --- [gateway] [main] o.s.c.g.r.RouteDefinitionRouteLocator    : Loaded RoutePredicateFactory [Host]
2025-04-04 09:34:49.602  INFO 20672 --- [gateway] [main] o.s.c.g.r.RouteDefinitionRouteLocator    : Loaded RoutePredicateFactory [Method]
2025-04-04 09:34:49.602  INFO 20672 --- [gateway] [main] o.s.c.g.r.RouteDefinitionRouteLocator    : Loaded RoutePredicateFactory [Path]
2025-04-04 09:34:49.602  INFO 20672 --- [gateway] [main] o.s.c.g.r.RouteDefinitionRouteLocator    : Loaded RoutePredicateFactory [Query]
2025-04-04 09:34:49.602  INFO 20672 --- [gateway] [main] o.s.c.g.r.RouteDefinitionRouteLocator    : Loaded RoutePredicateFactory [ReadBody]
2025-04-04 09:34:49.602  INFO 20672 --- [gateway] [main] o.s.c.g.r.RouteDefinitionRouteLocator    : Loaded RoutePredicateFactory [RemoteAddr]
2025-04-04 09:34:49.602  INFO 20672 --- [gateway] [main] o.s.c.g.r.RouteDefinitionRouteLocator    : Loaded RoutePredicateFactory [XForwardedRemoteAddr]
2025-04-04 09:34:49.602  INFO 20672 --- [gateway] [main] o.s.c.g.r.RouteDefinitionRouteLocator    : Loaded RoutePredicateFactory [Weight]
2025-04-04 09:34:49.602  INFO 20672 --- [gateway] [main] o.s.c.g.r.RouteDefinitionRouteLocator    : Loaded RoutePredicateFactory [CloudFoundryRouteService]
2025-04-04 09:34:49.665 DEBUG 20672 --- [gateway] [main] c.s.gateway.routers.DynamicRouteLoader   : 路由配置更新完成
2025-04-04 09:34:50.692  INFO 20672 --- [gateway] [main] o.s.cloud.commons.util.InetUtils         : Cannot determine local hostname
2025-04-04 09:34:51.713  INFO 20672 --- [gateway] [main] o.s.cloud.commons.util.InetUtils         : Cannot determine local hostname
2025-04-04 09:34:51.779  INFO 20672 --- [gateway] [main] c.a.c.s.SentinelWebFluxAutoConfiguration : [Sentinel Starter] register Sentinel SentinelWebFluxFilter
2025-04-04 09:34:52.811  INFO 20672 --- [gateway] [main] o.s.cloud.commons.util.InetUtils         : Cannot determine local hostname
2025-04-04 09:34:52.869  WARN 20672 --- [gateway] [main] iguration$LoadBalancerCaffeineWarnLogger : Spring Cloud LoadBalancer is currently working with the default cache. While this cache implementation is useful for development and tests, it's recommended to use Caffeine cache in production.You can switch to using Caffeine cache, by adding it and org.springframework.cache.caffeine.CaffeineCacheManager to the classpath.
2025-04-04 09:34:52.922  INFO 20672 --- [gateway] [main] o.s.b.w.embedded.tomcat.TomcatWebServer  : Tomcat started on port 8080 (http)
2025-04-04 09:34:53.929  INFO 20672 --- [gateway] [main] o.s.cloud.commons.util.InetUtils         : Cannot determine local hostname
2025-04-04 09:34:54.944  INFO 20672 --- [gateway] [main] o.s.cloud.commons.util.InetUtils         : Cannot determine local hostname
2025-04-04 09:34:54.956  INFO 20672 --- [gateway] [main] c.a.n.p.a.s.c.ClientAuthPluginManager    : [ClientAuthPluginManager] Load ClientAuthService com.alibaba.nacos.client.auth.impl.NacosClientAuthServiceImpl success.
2025-04-04 09:34:54.956  INFO 20672 --- [gateway] [main] c.a.n.p.a.s.c.ClientAuthPluginManager    : [ClientAuthPluginManager] Load ClientAuthService com.alibaba.nacos.client.auth.ram.RamClientAuthServiceImpl success.
2025-04-04 09:34:55.043  INFO 20672 --- [gateway] [main] c.a.c.n.registry.NacosServiceRegistry    : nacos registry, DEFAULT_GROUP gateway 192.168.0.134:8080 register finished
2025-04-04 09:34:55.055  INFO 20672 --- [gateway] [main] c.smileShark.gateway.GateWayApplication  : Started GateWayApplication in 10.811 seconds (process running for 11.328)
2025-04-04 09:34:55.058  INFO 20672 --- [gateway] [main] c.a.c.n.refresh.NacosContextRefresher    : [Nacos Config] Listening config: dataId=shared-log.yaml, group=DEFAULT_GROUP
2025-04-04 11:22:46.946  WARN 20672 --- [gateway] [Thread-8] c.a.nacos.common.notify.NotifyCenter     : [NotifyCenter] Start destroying Publisher
2025-04-04 11:22:46.946  WARN 20672 --- [gateway] [Thread-1] c.a.n.common.executor.ThreadPoolManager  : [ThreadPoolManager] Start destroying ThreadPool
2025-04-04 11:22:46.946  WARN 20672 --- [gateway] [Thread-6] c.a.n.common.http.HttpClientBeanHolder   : [HttpClientBeanHolder] Start destroying common HttpClient
2025-04-04 11:22:46.947  WARN 20672 --- [gateway] [Thread-8] c.a.nacos.common.notify.NotifyCenter     : [NotifyCenter] Destruction of the end
2025-04-04 11:22:46.948  WARN 20672 --- [gateway] [Thread-1] c.a.n.common.executor.ThreadPoolManager  : [ThreadPoolManager] Destruction of the end
2025-04-04 11:22:46.949  WARN 20672 --- [gateway] [Thread-6] c.a.n.common.http.HttpClientBeanHolder   : [HttpClientBeanHolder] Destruction of the end
2025-04-04 11:22:46.953  INFO 20672 --- [gateway] [SpringApplicationShutdownHook] o.s.b.w.e.tomcat.GracefulShutdown        : Commencing graceful shutdown. Waiting for active requests to complete
2025-04-04 11:22:46.961  INFO 20672 --- [gateway] [tomcat-shutdown] o.s.b.w.e.tomcat.GracefulShutdown        : Graceful shutdown complete
2025-04-04 11:22:46.977  INFO 20672 --- [gateway] [SpringApplicationShutdownHook] c.a.c.n.registry.NacosServiceRegistry    : De-registering from Nacos Server now...
2025-04-04 11:22:46.988  INFO 20672 --- [gateway] [SpringApplicationShutdownHook] c.a.c.n.registry.NacosServiceRegistry    : De-registration finished.
